Archive member included to satisfy reference by file (symbol)

c:/mingw/bin/../lib/gcc/mingw32/6.3.0/../../../libwinmm.a(drqcs00146.o)
                              FreeRTOS_Source\portable\MSVC-MingW\port.o (timeGetDevCaps@8)
c:/mingw/bin/../lib/gcc/mingw32/6.3.0/../../../libwinmm.a(drqcs00145.o)
                              FreeRTOS_Source\portable\MSVC-MingW\port.o (timeEndPeriod@4)
c:/mingw/bin/../lib/gcc/mingw32/6.3.0/../../../libwinmm.a(drqcs00144.o)
                              FreeRTOS_Source\portable\MSVC-MingW\port.o (timeBeginPeriod@4)
c:/mingw/bin/../lib/gcc/mingw32/6.3.0/../../../libwinmm.a(drqch.o)
                              c:/mingw/bin/../lib/gcc/mingw32/6.3.0/../../../libwinmm.a(drqcs00146.o) (_head_libwinmm_a)
c:/mingw/bin/../lib/gcc/mingw32/6.3.0/../../../libwinmm.a(drqct.o)
                              c:/mingw/bin/../lib/gcc/mingw32/6.3.0/../../../libwinmm.a(drqch.o) (_libwinmm_a_iname)
c:/mingw/bin/../lib/gcc/mingw32/6.3.0/../../../libmingw32.a(CRTglob.o)
                              c:/mingw/bin/../lib/gcc/mingw32/6.3.0/../../../crt2.o (_CRT_glob)
c:/mingw/bin/../lib/gcc/mingw32/6.3.0/../../../libmingw32.a(setargv.o)
                              c:/mingw/bin/../lib/gcc/mingw32/6.3.0/../../../crt2.o (_setargv)
c:/mingw/bin/../lib/gcc/mingw32/6.3.0/../../../libmingw32.a(CRTfmode.o)
                              c:/mingw/bin/../lib/gcc/mingw32/6.3.0/../../../crt2.o (_CRT_fmode)
c:/mingw/bin/../lib/gcc/mingw32/6.3.0/../../../libmingw32.a(cpu_features.o)
                              c:/mingw/bin/../lib/gcc/mingw32/6.3.0/../../../crt2.o (__cpu_features_init)
c:/mingw/bin/../lib/gcc/mingw32/6.3.0/../../../libmingw32.a(CRT_fp10.o)
                              c:/mingw/bin/../lib/gcc/mingw32/6.3.0/../../../crt2.o (_CRT_fenv)
c:/mingw/bin/../lib/gcc/mingw32/6.3.0/../../../libmingw32.a(txtmode.o)
                              c:/mingw/bin/../lib/gcc/mingw32/6.3.0/../../../crt2.o (_fmode)
c:/mingw/bin/../lib/gcc/mingw32/6.3.0/../../../libmingw32.a(gccmain.o)
                              c:/mingw/bin/../lib/gcc/mingw32/6.3.0/../../../crt2.o (__main)
c:/mingw/bin/../lib/gcc/mingw32/6.3.0/../../../libmingw32.a(tlssup.o)
                              c:/mingw/bin/../lib/gcc/mingw32/6.3.0/../../../crt2.o (__dyn_tls_init_callback)
c:/mingw/bin/../lib/gcc/mingw32/6.3.0/../../../libmingw32.a(tlsthrd.o)
                              c:/mingw/bin/../lib/gcc/mingw32/6.3.0/../../../libmingw32.a(tlssup.o) (__mingw_TLScallback)
c:/mingw/bin/../lib/gcc/mingw32/6.3.0/../../../libmingw32.a(pseudo-reloc.o)
                              c:/mingw/bin/../lib/gcc/mingw32/6.3.0/../../../crt2.o (_pei386_runtime_relocator)
c:/mingw/bin/../lib/gcc/mingw32/6.3.0/../../../libmingw32.a(pseudo-reloc-list.o)
                              c:/mingw/bin/../lib/gcc/mingw32/6.3.0/../../../libmingw32.a(pseudo-reloc.o) (__RUNTIME_PSEUDO_RELOC_LIST__)
c:/mingw/bin/../lib/gcc/mingw32/6.3.0/../../../libmingw32.a(crtst.o)
                              c:/mingw/bin/../lib/gcc/mingw32/6.3.0/../../../libmingw32.a(tlssup.o) (_CRT_MT)
c:/mingw/bin/../lib/gcc/mingw32/6.3.0/libgcc.a(_chkstk_ms.o)
                              c:/mingw/bin/../lib/gcc/mingw32/6.3.0/../../../libmingw32.a(setargv.o) (__chkstk_ms)
c:/mingw/bin/../lib/gcc/mingw32/6.3.0/libgcc.a(_ctors.o)
                              c:/mingw/bin/../lib/gcc/mingw32/6.3.0/../../../libmingw32.a(gccmain.o) (__DTOR_LIST__)
c:/mingw/bin/../lib/gcc/mingw32/6.3.0/libgcc.a(_divdi3.o)
                              Run-time-stats-utils.o (__divdi3)
c:/mingw/bin/../lib/gcc/mingw32/6.3.0/../../../libmingwex.a(fesetenv.o)
                              c:/mingw/bin/../lib/gcc/mingw32/6.3.0/../../../crt2.o (fesetenv)
c:/mingw/bin/../lib/gcc/mingw32/6.3.0/../../../libmingwex.a(glob.o)
                              c:/mingw/bin/../lib/gcc/mingw32/6.3.0/../../../libmingw32.a(setargv.o) (__mingw_glob)
c:/mingw/bin/../lib/gcc/mingw32/6.3.0/../../../libmingwex.a(dirname.o)
                              c:/mingw/bin/../lib/gcc/mingw32/6.3.0/../../../libmingwex.a(glob.o) (__mingw_dirname)
c:/mingw/bin/../lib/gcc/mingw32/6.3.0/../../../libmingwex.a(dirent.o)
                              c:/mingw/bin/../lib/gcc/mingw32/6.3.0/../../../libmingwex.a(glob.o) (__mingw_opendir)
c:/mingw/bin/../lib/gcc/mingw32/6.3.0/../../../libmsvcrt.a(djpvbs01325.o)
                              c:/mingw/bin/../lib/gcc/mingw32/6.3.0/../../../libmingwex.a(dirname.o) (wcstombs)
c:/mingw/bin/../lib/gcc/mingw32/6.3.0/../../../libmsvcrt.a(djpvbs01284.o)
                              c:/mingw/bin/../lib/gcc/mingw32/6.3.0/../../../libmingw32.a(pseudo-reloc.o) (vfprintf)
c:/mingw/bin/../lib/gcc/mingw32/6.3.0/../../../libmsvcrt.a(djpvbs01277.o)
                              c:/mingw/bin/../lib/gcc/mingw32/6.3.0/../../../libmingwex.a(glob.o) (tolower)
c:/mingw/bin/../lib/gcc/mingw32/6.3.0/../../../libmsvcrt.a(djpvbs01252.o)
                              FreeRTOS+Trace Recorder\trcSnapshotRecorder.o (strncmp)
[...]
Memory Configuration

Name             Origin             Length             Attributes
*default*        0x00000000         0xffffffff

Linker script and memory map

                0x00400000                __image_base__ = 0x400000
                0x00000000                __dll__ = 0x0
                0x00400000                ___ImageBase = 0x400000
                0x00001000                __section_alignment__ = 0x1000
                0x00000200                __file_alignment__ = 0x200
                0x00000004                __major_os_version__ = 0x4
                0x00000000                __minor_os_version__ = 0x0
                0x00000001                __major_image_version__ = 0x1
                0x00000000                __minor_image_version__ = 0x0
                0x00000004                __major_subsystem_version__ = 0x4
                0x00000000                __minor_subsystem_version__ = 0x0
                0x00000003                __subsystem__ = 0x3
                0x00200000                __size_of_stack_reserve__ = 0x200000
                0x00001000                __size_of_stack_commit__ = 0x1000
                0x00100000                __size_of_heap_reserve__ = 0x100000
                0x00001000                __size_of_heap_commit__ = 0x1000
                0x00000000                __loader_flags__ = 0x0
                0x00000000                __dll_characteristics__ = 0x0
LOAD c:/mingw/bin/../lib/gcc/mingw32/6.3.0/../../../crt2.o
LOAD c:/mingw/bin/../lib/gcc/mingw32/6.3.0/crtbegin.o
LOAD DemosModifiedForLowTickRate\recmutex.o
LOAD FreeRTOS+Trace Recorder\trcKernelPort.o
LOAD FreeRTOS+Trace Recorder\trcSnapshotRecorder.o
LOAD FreeRTOS+Trace Recorder\trcStreamingRecorder.o
LOAD FreeRTOS_Source\croutine.o
LOAD FreeRTOS_Source\event_groups.o
LOAD FreeRTOS_Source\list.o
LOAD FreeRTOS_Source\portable\MSVC-MingW\port.o
LOAD FreeRTOS_Source\portable\MemMang\heap_5.o
LOAD FreeRTOS_Source\queue.o
LOAD FreeRTOS_Source\stream_buffer.o
LOAD FreeRTOS_Source\tasks.o
LOAD FreeRTOS_Source\timers.o
LOAD Run-time-stats-utils.o
LOAD Standard_Demo_Tasks\AbortDelay.o
LOAD Standard_Demo_Tasks\BlockQ.o
LOAD Standard_Demo_Tasks\EventGroupsDemo.o
LOAD Standard_Demo_Tasks\GenQTest.o
LOAD Standard_Demo_Tasks\IntSemTest.o
LOAD Standard_Demo_Tasks\MessageBufferDemo.o
LOAD Standard_Demo_Tasks\PollQ.o
LOAD Standard_Demo_Tasks\QPeek.o
LOAD Standard_Demo_Tasks\QueueOverwrite.o
LOAD Standard_Demo_Tasks\QueueSet.o
LOAD Standard_Demo_Tasks\QueueSetPolling.o
LOAD Standard_Demo_Tasks\StreamBufferDemo.o
LOAD Standard_Demo_Tasks\TaskNotify.o
LOAD Standard_Demo_Tasks\TimerDemo.o
LOAD Standard_Demo_Tasks\blocktim.o
LOAD Standard_Demo_Tasks\countsem.o
LOAD Standard_Demo_Tasks\death.o
LOAD Standard_Demo_Tasks\dynamic.o
LOAD Standard_Demo_Tasks\flop.o
LOAD Standard_Demo_Tasks\integer.o
LOAD Standard_Demo_Tasks\semtest.o
LOAD main.o
LOAD main_blinky.o
LOAD main_full.o
LOAD c:/mingw/bin/../lib/gcc/mingw32/6.3.0/../../../libwinmm.a
LOAD c:/mingw/bin/../lib/gcc/mingw32/6.3.0/../../../libmingw32.a
LOAD c:/mingw/bin/../lib/gcc/mingw32/6.3.0/libgcc.a
LOAD c:/mingw/bin/../lib/gcc/mingw32/6.3.0/libgcc_eh.a
LOAD c:/mingw/bin/../lib/gcc/mingw32/6.3.0/../../../libmoldname.a
LOAD c:/mingw/bin/../lib/gcc/mingw32/6.3.0/../../../libmingwex.a
LOAD c:/mingw/bin/../lib/gcc/mingw32/6.3.0/../../../libmsvcrt.a
LOAD c:/mingw/bin/../lib/gcc/mingw32/6.3.0/../../../libadvapi32.a
LOAD c:/mingw/bin/../lib/gcc/mingw32/6.3.0/../../../libshell32.a
LOAD c:/mingw/bin/../lib/gcc/mingw32/6.3.0/../../../libuser32.a
LOAD c:/mingw/bin/../lib/gcc/mingw32/6.3.0/../../../libkernel32.a
LOAD c:/mingw/bin/../lib/gcc/mingw32/6.3.0/../../../libmingw32.a
LOAD c:/mingw/bin/../lib/gcc/mingw32/6.3.0/libgcc.a
LOAD c:/mingw/bin/../lib/gcc/mingw32/6.3.0/libgcc_eh.a
LOAD c:/mingw/bin/../lib/gcc/mingw32/6.3.0/../../../libmoldname.a
LOAD c:/mingw/bin/../lib/gcc/mingw32/6.3.0/../../../libmingwex.a
LOAD c:/mingw/bin/../lib/gcc/mingw32/6.3.0/../../../libmsvcrt.a
LOAD c:/mingw/bin/../lib/gcc/mingw32/6.3.0/crtend.o
                0x00000420                . = SIZEOF_HEADERS
                0x00001000                . = ALIGN (__section_alignment__)

.text           0x00401000    0x1bc00
 *(.init)
 *(.text)
 .text          0x00401000      0x340 c:/mingw/bin/../lib/gcc/mingw32/6.3.0/../../../crt2.o
                0x004012a0                _mingw32_init_mainargs
                0x004012e0                mainCRTStartup
                0x00401300                WinMainCRTStartup
                0x00401320                atexit
                0x00401330                _onexit
 .text          0x00401340      0x120 c:/mingw/bin/../lib/gcc/mingw32/6.3.0/crtbegin.o
                0x00401340                __gcc_register_frame
                0x00401430                __gcc_deregister_frame
 .text          0x00401460      0x3b0 DemosModifiedForLowTickRate\recmutex.o
                0x00401460                vStartRecursiveMutexTasks
                0x0040177b                xAreRecursiveMutexTasksStillRunning
 .text          0x00401810      0x538 FreeRTOS+Trace Recorder\trcKernelPort.o
                0x00401810                vTraceSetQueueName
                0x00401857                vTraceSetSemaphoreName
                0x0040189e                vTraceSetMutexName
                0x004018e5                prvTraceGetCurrentTaskHandle
                0x004018f2                prvTraceGetObjectNumber
                0x00401905                prvTraceGetObjectType
                0x00401918                prvTraceGetTaskNumber
                0x0040192b                vTraceInitObjectPropertyTable
                0x00401a62                vTraceInitObjectHandleStack
                0x00401b41                pszTraceGetErrorNotEnoughHandles
                0x00401b97                uiTraceIsObjectExcluded
                0x00401d36                prvTraceIsSchedulerSuspended
 .text          0x00401d48     0x2df0 FreeRTOS+Trace Recorder\trcSnapshotRecorder.o
                0x00401d48                vTraceEnable
                0x00401d89                vTraceSetStopHook
                0x00401d97                vTraceClear
                0x00401e4d                uiTraceStart
                0x00401f3d                vTraceStart
                0x00401f4b                vTraceStop
                0x00401f70                xTraceGetLastError
                0x00401f7a                vTraceClearError
                0x00401fa2                xTraceGetTraceBuffer
                0x00401fac                uiTraceGetTraceBufferSize
                0x00402056                vTraceInstanceFinishedNext
                0x0040206b                vTraceInstanceFinishedNow
                0x00402080                xTraceSetISRProperties
                0x00402127                vTraceStoreISRBegin
                0x0040223e                vTraceStoreISREnd
                0x0040289c                vTracePrintF
                0x00402b10                vTracePrint
                0x00402bbf                xTraceRegisterString
                0x00402bf3                prvTraceSetReadyEventsEnabled
                0x00402c01                prvTraceStoreTaskReady
                0x00402d01                prvTraceStoreLowPower
                0x00402da0                vTraceStoreMemMangEvent
                0x00402eea                prvTraceStoreKernelCall
                0x00403050                prvTraceStoreKernelCallWithParam
                0x00403253                prvTraceStoreKernelCallWithNumericParamOnly
                0x00403369                prvTraceStoreTaskswitch
                0x004034bc                prvTraceStoreObjectNameOnCloseEvent
                0x00403597                prvTraceStoreObjectPropertiesOnCloseEvent
                0x004036a8                prvTraceSetPriorityProperty
                0x0040373c                prvTraceGetPriorityProperty
                0x004037d1                prvTraceSetObjectState
                0x004038f5                prvTraceSetTaskInstanceFinished
                0x00403bd1                uiIndexOfObject
                0x00403c90                prvTraceGetObjectHandle
                0x00403f52                prvTraceFreeObjectHandle
                0x00404010                prvMarkObjectAsUsed
                0x00404094                prvTraceSetObjectName
                0x0040424c                vTraceSetFrequency
                0x0040425a                prvTraceError
                0x00404a94                prvTracePortGetTimeStamp
 .text          0x00404b38        0x0 FreeRTOS+Trace Recorder\trcStreamingRecorder.o
 .text          0x00404b38      0x4bc FreeRTOS_Source\croutine.o
                0x00404b38                xCoRoutineCreate
                0x00404c31                vCoRoutineAddToDelayedList
                0x00404e66                vCoRoutineSchedule
                0x00404f94                xCoRoutineRemoveFromEventList
 .text          0x00404ff4      0x9cc FreeRTOS_Source\event_groups.o
                0x00404ff4                xEventGroupCreate
                0x00405084                xEventGroupSync
                0x00405299                xEventGroupWaitBits
                0x00405522                xEventGroupClearBits
                0x004055c3                xEventGroupClearBitsFromISR
                0x00405626                xEventGroupGetBitsFromISR
                0x00405646                xEventGroupSetBits
                0x004057ba                vEventGroupDelete
                0x004058ac                vEventGroupSetBitsCallback
                0x004058c7                vEventGroupClearBitsCallback
                0x0040591f                xEventGroupSetBitsFromISR
                0x00405985                uxEventGroupGetNumber
                0x004059ae                vEventGroupSetNumber
 .text          0x004059c0      0x184 FreeRTOS_Source\list.o
                0x004059c0                vListInitialise
                0x004059fd                vListInitialiseItem
                0x00405a0d                vListInsertEnd
                0x00405a5f                vListInsert
                0x00405ae2                uxListRemove
 .text          0x00405b44      0x904 FreeRTOS_Source\portable\MSVC-MingW\port.o
                0x00405c64                pxPortInitialiseStack
                0x00405d2c                xPortStartScheduler
                0x00406105                vPortDeleteThread
                0x004061ad                vPortCloseRunningThread
                0x00406227                vPortEndScheduler
                0x00406248                vPortGenerateSimulatedInterrupt
                0x004062da                vPortSetInterruptHandler
                0x00406336                vPortEnterCritical
                0x0040637d                vPortExitCritical
 .text          0x00406448      0x500 FreeRTOS_Source\portable\MemMang\heap_5.o
                0x00406448                pvPortMalloc
                0x004065e0                vPortFree
                0x004066c3                xPortGetFreeHeapSize
                0x004066cd                xPortGetMinimumEverFreeHeapSize
                0x0040679e                vPortDefineHeapRegions
 .text          0x00406948     0x283c FreeRTOS_Source\queue.o
                0x00406948                xQueueGenericReset
                0x00406a29                xQueueGenericCreate
                0x00406c86                xQueueCreateMutex
                0x00406ccd                xQueueGetMutexHolder
                0x00406cfd                xQueueGetMutexHolderFromISR
                0x00406d3d                xQueueGiveMutexRecursive
                0x00406e1b                xQueueTakeMutexRecursive
                0x00406e9c                xQueueCreateCountingSemaphore
                0x00406f0a                xQueueGenericSend
                0x00407332                xQueueGenericSendFromISR
                0x00407578                xQueueGiveFromISR
                0x0040779c                xQueueReceive
                0x00407b97                xQueueSemaphoreTake
                0x00407ff8                xQueuePeek
                0x00408260                xQueueReceiveFromISR
                0x0040843e                xQueuePeekFromISR
                0x00408500                uxQueueMessagesWaiting
                0x00408538                uxQueueSpacesAvailable
                0x00408580                uxQueueMessagesWaitingFromISR
                0x004085ae                vQueueDelete
                0x004086e5                uxQueueGetQueueNumber
                0x004086f0                vQueueSetQueueNumber
                0x004086ff                ucQueueGetQueueType
                0x004089be                xQueueIsQueueEmptyFromISR
                0x00408a32                xQueueIsQueueFullFromISR
                0x00408a77                xQueueCRSend
                0x00408b3b                xQueueCRReceive
                0x00408c41                xQueueCRSendFromISR
                0x00408ca5                xQueueCRReceiveFromISR
                0x00408d5f                vQueueAddToRegistry
                0x00408de3                pcQueueGetName
                0x00408e26                vQueueUnregisterQueue
                0x00408e6f                vQueueWaitForMessageRestricted
                0x00408edd                xQueueCreateSet
                0x00408f06                xQueueAddToSet
                0x00408f51                xQueueRemoveFromSet
                0x00408fa4                xQueueSelectFromSet
                0x00408fcf                xQueueSelectFromSetFromISR
 .text          0x00409184      0xddc FreeRTOS_Source\stream_buffer.o
                0x00409184                xStreamBufferGenericCreate
                0x00409217                vStreamBufferDelete
                0x00409279                xStreamBufferReset
                0x0040932e                xStreamBufferSetTriggerLevel
                0x0040938a                xStreamBufferSpacesAvailable
                0x004093e6                xStreamBufferBytesAvailable
                0x0040941f                xStreamBufferSend
                0x004095e2                xStreamBufferSendFromISR
                0x0040977f                xStreamBufferReceive
                0x0040991c                xStreamBufferReceiveFromISR
                0x00409a98                xStreamBufferIsEmpty
                0x00409ae6                xStreamBufferIsFull
                0x00409b52                xStreamBufferSendCompletedFromISR
                0x00409bd5                xStreamBufferReceiveCompletedFromISR
                0x00409f36                uxStreamBufferGetStreamBufferNumber
                0x00409f41                vStreamBufferSetStreamBufferNumber
                0x00409f50                ucStreamBufferGetStreamBufferType
 .text          0x00409f60     0x34a4 FreeRTOS_Source\tasks.o
                0x00409f60                xTaskCreate
                0x0040a327                vTaskDelete
                0x0040a53b                vTaskDelayUntil
                0x0040a675                vTaskDelay
                0x0040a721                eTaskGetState
                0x0040a7d3                uxTaskPriorityGet
                0x0040a804                uxTaskPriorityGetFromISR
                0x0040a832                vTaskPrioritySet
                0x0040aa5b                vTaskSuspend
                0x0040ac3e                vTaskResume
                0x0040ad46                xTaskResumeFromISR
                0x0040ae5c                vTaskStartScheduler
                0x0040aef9                vTaskEndScheduler
                0x0040af16                vTaskSuspendAll
                0x0040af29                xTaskResumeAll
                0x0040b099                xTaskGetTickCount
                0x0040b0ac                xTaskGetTickCountFromISR
                0x0040b0c6                uxTaskGetNumberOfTasks
                0x0040b0d0                pcTaskGetName
                0x0040b204                xTaskGetHandle
                0x0040b2ee                uxTaskGetSystemState
                0x0040b439                xTaskGetIdleTaskHandle
                0x0040b463                xTaskAbortDelay
                0x0040b567                xTaskIncrementTick
                0x0040b792                vTaskSetApplicationTaskTag
                0x0040b7c4                xTaskGetApplicationTaskTag
                0x0040b7f8                xTaskCallApplicationTaskHook
                0x0040b83d                vTaskSwitchContext
                0x0040b94d                vTaskPlaceOnEventList
                0x0040b99a                vTaskPlaceOnUnorderedEventList
                0x0040ba15                vTaskPlaceOnEventListRestricted
                0x0040bab9                xTaskRemoveFromEventList
                0x0040bbab                vTaskRemoveFromUnorderedEventList
                0x0040bc90                vTaskSetTimeOutState
                0x0040bcd4                vTaskInternalSetTimeOutState
                0x0040bcf1                xTaskCheckForTimeOut
                0x0040bde3                vTaskMissedYield
                0x0040bdf3                uxTaskGetTaskNumber
                0x0040be1c                vTaskSetTaskNumber
                0x0040bf44                vTaskGetInfo
                0x0040c142                uxTaskGetStackHighWaterMark
                0x0040c1f0                xTaskGetCurrentTaskHandle
                0x0040c203                xTaskGetSchedulerState
                0x0040c239                xTaskPriorityInherit
                0x0040c426                xTaskPriorityDisinherit
                0x0040c5fc                vTaskPriorityDisinheritAfterTimeout
                0x0040c861                vTaskList
                0x0040c9dc                vTaskGetRunTimeStats
                0x0040cb45                uxTaskResetEventItemValue
                0x0040cb75                pvTaskIncrementMutexHeldCount
                0x0040cb96                ulTaskNotifyTake
                0x0040ccdc                xTaskNotifyWait
                0x0040ce48                xTaskGenericNotify
                0x0040cfd4                xTaskGenericNotifyFromISR
                0x0040d18d                vTaskNotifyGiveFromISR
                0x0040d2dc                xTaskNotifyStateClear
 .text          0x0040d404      0xc74 FreeRTOS_Source\timers.o
                0x0040d404                xTimerCreateTimerTask
                0x0040d475                xTimerCreate
                0x0040d5a3                xTimerGenericCommand
                0x0040d7d0                xTimerGetTimerDaemonTaskHandle
                0x0040d7fa                xTimerGetPeriod
                0x0040d828                xTimerGetExpiryTime
                0x0040d85c                pcTimerGetName
                0x0040de61                xTimerIsTimerActive
                0x0040dea7                pvTimerGetTimerID
                0x0040dee5                vTimerSetTimerID
                0x0040df21                xTimerPendFunctionCallFromISR
                0x0040dfa3                xTimerPendFunctionCall
                0x0040e05c                uxTimerGetTimerNumber
                0x0040e067                vTimerSetTimerNumber
 .text          0x0040e078      0x100 Run-time-stats-utils.o
                0x0040e078                vConfigureTimerForRunTimeStats
                0x0040e0f5                ulGetRunTimeCounterValue
 .text          0x0040e178      0x9d8 Standard_Demo_Tasks\AbortDelay.o
                0x0040e178                vCreateAbortDelayTasks
                0x0040eaec                xAreAbortDelayTestTasksStillRunning
 .text          0x0040eb50      0x41c Standard_Demo_Tasks\BlockQ.o
                0x0040eb50                vStartBlockingQueueTasks
                0x0040eed5                xAreBlockingQueuesStillRunning
 .text          0x0040ef6c      0xec0 Standard_Demo_Tasks\EventGroupsDemo.o
                0x0040ef6c                vStartEventGroupTasks
                0x0040fca2                vPeriodicEventGroupsProcessing
                0x0040fdb7                xAreEventGroupTasksStillRunning
 .text          0x0040fe2c      0xe34 Standard_Demo_Tasks\GenQTest.o
                0x0040fe2c                vStartGenericQueueTasks
                0x00410c05                xAreGenericQueueTasksStillRunning
 .text          0x00410c60      0x830 Standard_Demo_Tasks\IntSemTest.o
                0x00410c60                vStartInterruptSemaphoreTasks
                0x00411375                vInterruptSemaphorePeriodicTest
                0x0041142e                xAreInterruptSemaphoreTasksStillRunning
 .text          0x00411490      0xfb8 Standard_Demo_Tasks\MessageBufferDemo.o
                0x00411490                vStartMessageBufferTasks
                0x004123ca                xAreMessageBufferTasksStillRunning
 .text          0x00412448      0x218 Standard_Demo_Tasks\PollQ.o
                0x00412448                vStartPolledQueueTasks
                0x0041261c                xArePollingQueuesStillRunning
 .text          0x00412660      0x55c Standard_Demo_Tasks\QPeek.o
                0x00412660                vStartQueuePeekTasks
                0x00412b87                xAreQueuePeekTasksStillRunning
 .text          0x00412bbc      0x334 Standard_Demo_Tasks\QueueOverwrite.o
                0x00412bbc                vStartQueueOverwriteTask
                0x00412d8e                xIsQueueOverwriteTaskStillRunning
                0x00412dcf                vQueueOverwritePeriodicISRDemo
 .text          0x00412ef0      0x820 Standard_Demo_Tasks\QueueSet.o
                0x00412ef0                vStartQueueSetTasks
                0x00412f78                xAreQueueSetTasksStillRunning
                0x0041325e                vQueueSetAccessQueueSetFromISR
 .text          0x00413710      0x1ac Standard_Demo_Tasks\QueueSetPolling.o
                0x00413710                vStartQueueSetPollingTask
                0x0041382d                vQueueSetPollingInterruptAccess
                0x0041388e                xAreQueueSetPollTasksStillRunning
 .text          0x004138bc     0x155c Standard_Demo_Tasks\StreamBufferDemo.o
                0x004138bc                vStartStreamBufferTasks
                0x00414b97                vPeriodicStreamBufferProcessing
                0x00414d77                xAreStreamBufferTasksStillRunning
 .text          0x00414e18      0xfcc Standard_Demo_Tasks\TaskNotify.o
                0x00414e18                vStartTaskNotifyTask
                0x00415c1c                xNotifyTaskFromISR
                0x00415d46                xAreTaskNotificationTasksStillRunning
 .text          0x00415de4     0x1808 Standard_Demo_Tasks\TimerDemo.o
                0x00415de4                vStartTimerDemoTask
                0x00415efe                xAreTimerDemoTasksStillRunning
                0x00416bd0                vTimerPeriodicISRTests
 .text          0x004175ec      0x784 Standard_Demo_Tasks\blocktim.o
                0x004175ec                vCreateBlockTimeTasks
                0x00417d0c                xAreBlockTimeTestTasksStillRunning
 .text          0x00417d70      0x3c0 Standard_Demo_Tasks\countsem.o
                0x00417d70                vStartCountingSemaphoreTasks
                0x004180c7                xAreCountingSemaphoreTasksStillRunning
 .text          0x00418130      0x1f0 Standard_Demo_Tasks\death.o
                0x00418130                vCreateSuicidalTasks
                0x004182a1                xIsCreateTaskStillRunning
 .text          0x00418320      0x50c Standard_Demo_Tasks\dynamic.o
                0x00418320                vStartDynamicPriorityTasks
                0x004187b1                xAreDynamicPriorityTasksStillRunning
 .text          0x0041882c      0x468 Standard_Demo_Tasks\flop.o
                0x0041882c                vStartMathTasks
                0x00418c47                xAreMathsTaskStillRunning
 .text          0x00418c94      0x130 Standard_Demo_Tasks\integer.o
                0x00418c94                vStartIntegerMathTasks
                0x00418d72                xAreIntegerMathsTaskStillRunning
 .text          0x00418dc4      0x3d8 Standard_Demo_Tasks\semtest.o
                0x00418dc4                vStartSemaphoreTasks
                0x0041913f                xAreSemaphoreTasksStillRunning
 .text          0x0041919c      0x2c8 main.o
                0x0041919c                HelloTask
                0x004191bc                Task1
                0x004191ec                Task2
                0x0041920c                main
                0x0041929a                vApplicationMallocFailedHook
                0x004192b7                vApplicationIdleHook
                0x004192bd                vApplicationStackOverflowHook
                0x004192da                vApplicationTickHook
                0x004192e0                vApplicationDaemonTaskStartupHook
                0x004192e6                vAssertCalled
                0x00419422                vApplicationGetIdleTaskMemory
                0x00419443                vApplicationGetTimerTaskMemory
 .text          0x00419464      0x17c main_blinky.o
                0x00419464                main_blinky
 .text          0x004195e0      0xbb8 main_full.o
                0x004195e0                main_full
                0x00419a40                vFullDemoIdleFunction
                0x00419b71                vFullDemoTickHookFunction
 .text          0x0041a198        0x8 c:/mingw/bin/../lib/gcc/mingw32/6.3.0/../../../libwinmm.a(drqcs00146.o)
                0x0041a198                timeGetDevCaps@8
 .text          0x0041a1a0        0x8 c:/mingw/bin/../lib/gcc/mingw32/6.3.0/../../../libwinmm.a(drqcs00145.o)
                0x0041a1a0                timeEndPeriod@4
 .text          0x0041a1a8        0x8 c:/mingw/bin/../lib/gcc/mingw32/6.3.0/../../../libwinmm.a(drqcs00144.o)
                0x0041a1a8                timeBeginPeriod@4
 .text          0x0041a1b0        0x0 c:/mingw/bin/../lib/gcc/mingw32/6.3.0/../../../libwinmm.a(drqch.o)
 .text          0x0041a1b0        0x0 c:/mingw/bin/../lib/gcc/mingw32/6.3.0/../../../libwinmm.a(drqct.o)
 .text          0x0041a1b0        0x0 c:/mingw/bin/../lib/gcc/mingw32/6.3.0/../../../libmingw32.a(CRTglob.o)
 .text          0x0041a1b0      0x3a0 c:/mingw/bin/../lib/gcc/mingw32/6.3.0/../../../libmingw32.a(setargv.o)
                0x0041a1b0                _setargv
 .text          0x0041a550        0x0 c:/mingw/bin/../lib/gcc/mingw32/6.3.0/../../../libmingw32.a(CRTfmode.o)
 .text          0x0041a550      0x110 c:/mingw/bin/../lib/gcc/mingw32/6.3.0/../../../libmingw32.a(cpu_features.o)
                0x0041a550                __cpu_features_init
 .text          0x0041a660        0x0 c:/mingw/bin/../lib/gcc/mingw32/6.3.0/../../../libmingw32.a(CRT_fp10.o)
 .text          0x0041a660        0x0 c:/mingw/bin/../lib/gcc/mingw32/6.3.0/../../../libmingw32.a(txtmode.o)
 .text          0x0041a660       0xa0 c:/mingw/bin/../lib/gcc/mingw32/6.3.0/../../../libmingw32.a(gccmain.o)
                0x0041a660                __do_global_dtors
                0x0041a690                __do_global_ctors
                0x0041a6e0                __main
 .text          0x0041a700       0xf0 c:/mingw/bin/../lib/gcc/mingw32/6.3.0/../../../libmingw32.a(tlssup.o)
                0x0041a750                __dyn_tls_init@12
                0x0041a7e0                __tlregdtor
 .text          0x0041a7f0      0x230 c:/mingw/bin/../lib/gcc/mingw32/6.3.0/../../../libmingw32.a(tlsthrd.o)
                0x0041a850                ___w64_mingwthr_add_key_dtor
                0x0041a8e0                ___w64_mingwthr_remove_key_dtor
                0x0041a980                __mingw_TLScallback
 .text          0x0041aa20      0x310 c:/mingw/bin/../lib/gcc/mingw32/6.3.0/../../../libmingw32.a(pseudo-reloc.o)
                0x0041ab60                _pei386_runtime_relocator
 .text          0x0041ad30        0x0 c:/mingw/bin/../lib/gcc/mingw32/6.3.0/../../../libmingw32.a(pseudo-reloc-list.o)
 .text          0x0041ad30        0x0 c:/mingw/bin/../lib/gcc/mingw32/6.3.0/../../../libmingw32.a(crtst.o)
 .text          0x0041ad30       0x2c c:/mingw/bin/../lib/gcc/mingw32/6.3.0/libgcc.a(_chkstk_ms.o)
                0x0041ad30                __chkstk_ms
 .text          0x0041ad5c        0x0 c:/mingw/bin/../lib/gcc/mingw32/6.3.0/libgcc.a(_ctors.o)
 *fill*         0x0041ad5c        0x4 
 .text          0x0041ad60      0x140 c:/mingw/bin/../lib/gcc/mingw32/6.3.0/libgcc.a(_divdi3.o)
                0x0041ad60                __divdi3
 .text          0x0041aea0       0x70 c:/mingw/bin/../lib/gcc/mingw32/6.3.0/../../../libmingwex.a(fesetenv.o)
                0x0041aea0                fesetenv
 .text          0x0041af10     0x1080 c:/mingw/bin/../lib/gcc/mingw32/6.3.0/../../../libmingwex.a(glob.o)
                0x0041be40                __mingw_glob
                0x0041bf30                __mingw_globfree
 .text          0x0041bf90      0x400 c:/mingw/bin/../lib/gcc/mingw32/6.3.0/../../../libmingwex.a(dirname.o)
                0x0041bf90                __mingw_dirname
 .text          0x0041c390      0x4f0 c:/mingw/bin/../lib/gcc/mingw32/6.3.0/../../../libmingwex.a(dirent.o)
                0x0041c510                __mingw_opendir
                0x0041c6d0                __mingw_readdir
                0x0041c720                __mingw_closedir
                0x0041c770                __mingw_rewinddir
                0x0041c7d0                __mingw_telldir
                0x0041c800                __mingw_seekdir
 .text          0x0041c880        0x8 c:/mingw/bin/../lib/gcc/mingw32/6.3.0/../../../libmsvcrt.a(djpvbs01325.o)
                0x0041c880                wcstombs
 .text          0x0041c888        0x8 c:/mingw/bin/../lib/gcc/mingw32/6.3.0/../../../libmsvcrt.a(djpvbs01284.o)
                0x0041c888                vfprintf
 .text          0x0041c890        0x8 c:/mingw/bin/../lib/gcc/mingw32/6.3.0/../../../libmsvcrt.a(djpvbs01277.o)
                0x0041c890                tolower
 .text          0x0041c898        0x8 c:/mingw/bin/../lib/gcc/mingw32/6.3.0/../../../libmsvcrt.a(djpvbs01252.o)
                0x0041c898                strncmp
 .text          0x0041c8a0        0x8 c:/mingw/bin/../lib/gcc/mingw32/6.3.0/../../../libmsvcrt.a(djpvbs01249.o)
                0x0041c8a0                strlen
 .text          0x0041c8a8        0x8 c:/mingw/bin/../lib/gcc/mingw32/6.3.0/../../../libmsvcrt.a(djpvbs01243.o)
                0x0041c8a8                strcpy
 .text          0x0041c8b0        0x8 c:/mingw/bin/../lib/gcc/mingw32/6.3.0/../../../libmsvcrt.a(djpvbs01242.o)
                0x0041c8b0                strcoll
 .text          0x0041c8b8        0x8 c:/mingw/bin/../lib/gcc/mingw32/6.3.0/../../../libmsvcrt.a(djpvbs01241.o)
                0x0041c8b8                strcmp
 .text          0x0041c8c0        0x8 c:/mingw/bin/../lib/gcc/mingw32/6.3.0/../../../libmsvcrt.a(djpvbs01232.o)
                0x0041c8c0                sprintf
 .text          0x0041c8c8        0x8 c:/mingw/bin/../lib/gcc/mingw32/6.3.0/../../../libmsvcrt.a(djpvbs01229.o)
                0x0041c8c8                signal
 .text          0x0041c8d0        0x8 c:/mingw/bin/../lib/gcc/mingw32/6.3.0/../../../libmsvcrt.a(djpvbs01227.o)
                0x0041c8d0                setlocale
 .text          0x0041c8d8        0x8 c:/mingw/bin/../lib/gcc/mingw32/6.3.0/../../../libmsvcrt.a(djpvbs01220.o)
                0x0041c8d8                realloc
 .text          0x0041c8e0        0x8 c:/mingw/bin/../lib/gcc/mingw32/6.3.0/../../../libmsvcrt.a(djpvbs01218.o)
                0x0041c8e0                rand
 .text          0x0041c8e8        0x8 c:/mingw/bin/../lib/gcc/mingw32/6.3.0/../../../libmsvcrt.a(djpvbs01212.o)
                0x0041c8e8                puts
 .text          0x0041c8f0        0x8 c:/mingw/bin/../lib/gcc/mingw32/6.3.0/../../../libmsvcrt.a(djpvbs01208.o)
                0x0041c8f0                printf
 .text          0x0041c8f8        0x8 c:/mingw/bin/../lib/gcc/mingw32/6.3.0/../../../libmsvcrt.a(djpvbs01203.o)
                0x0041c8f8                memset
 .text          0x0041c900        0x8 c:/mingw/bin/../lib/gcc/mingw32/6.3.0/../../../libmsvcrt.a(djpvbs01199.o)
                0x0041c900                memcpy
 .text          0x0041c908        0x8 c:/mingw/bin/../lib/gcc/mingw32/6.3.0/../../../libmsvcrt.a(djpvbs01198.o)
                0x0041c908                memcmp
 .text          0x0041c910        0x8 c:/mingw/bin/../lib/gcc/mingw32/6.3.0/../../../libmsvcrt.a(djpvbs01194.o)
                0x0041c910                mbstowcs
 .text          0x0041c918        0x8 c:/mingw/bin/../lib/gcc/mingw32/6.3.0/../../../libmsvcrt.a(djpvbs01187.o)
                0x0041c918                malloc
 .text          0x0041c920        0x8 c:/mingw/bin/../lib/gcc/mingw32/6.3.0/../../../libmsvcrt.a(djpvbs01142.o)
                0x0041c920                fwrite
 .text          0x0041c928        0x8 c:/mingw/bin/../lib/gcc/mingw32/6.3.0/../../../libmsvcrt.a(djpvbs01131.o)
                0x0041c928                free
 .text          0x0041c930        0x8 c:/mingw/bin/../lib/gcc/mingw32/6.3.0/../../../libmsvcrt.a(djpvbs01123.o)
                0x0041c930                fopen_s
 .text          0x0041c938        0x8 c:/mingw/bin/../lib/gcc/mingw32/6.3.0/../../../libmsvcrt.a(djpvbs01114.o)
                0x0041c938                fflush
 .text          0x0041c940        0x8 c:/mingw/bin/../lib/gcc/mingw32/6.3.0/../../../libmsvcrt.a(djpvbs01111.o)
                0x0041c940                fclose
 .text          0x0041c948        0x8 c:/mingw/bin/../lib/gcc/mingw32/6.3.0/../../../libmsvcrt.a(djpvbs01098.o)
                0x0041c948                calloc
 .text          0x0041c950        0x0 c:/mingw/bin/../lib/gcc/mingw32/6.3.0/../../../libmsvcrt.a(djpvbs01091.o)
 .text          0x0041c950        0x8 c:/mingw/bin/../lib/gcc/mingw32/6.3.0/../../../libmsvcrt.a(djpvbs01083.o)
                0x0041c950                abort
 .text          0x0041c958        0x8 c:/mingw/bin/../lib/gcc/mingw32/6.3.0/../../../libmsvcrt.a(djpvbs00753.o)
                0x0041c958                _setmode
 .text          0x0041c960        0x0 c:/mingw/bin/../lib/gcc/mingw32/6.3.0/../../../libmsvcrt.a(djpvbs00698.o)
 .text          0x0041c960        0x0 c:/mingw/bin/../lib/gcc/mingw32/6.3.0/../../../libmsvcrt.a(djpvbs00689.o)
 .text          0x0041c960        0x8 c:/mingw/bin/../lib/gcc/mingw32/6.3.0/../../../libmsvcrt.a(djpvbs00422.o)
                0x0041c960                _isctype
 .text          0x0041c968        0x0 c:/mingw/bin/../lib/gcc/mingw32/6.3.0/../../../libmsvcrt.a(djpvbs00417.o)
 .text          0x0041c968        0x8 c:/mingw/bin/../lib/gcc/mingw32/6.3.0/../../../libmsvcrt.a(djpvbs00350.o)
                0x0041c968                _fullpath
 .text          0x0041c970        0x8 c:/mingw/bin/../lib/gcc/mingw32/6.3.0/../../../libmsvcrt.a(djpvbs00285.o)
                0x0041c970                _errno
 .text          0x0041c978        0x8 c:/mingw/bin/../lib/gcc/mingw32/6.3.0/../../../libmsvcrt.a(djpvbs00219.o)
                0x0041c978                _cexit
 .text          0x0041c980        0x8 c:/mingw/bin/../lib/gcc/mingw32/6.3.0/../../../libmsvcrt.a(djpvbs00133.o)
                0x0041c980                __p__fmode
 .text          0x0041c988        0x8 c:/mingw/bin/../lib/gcc/mingw32/6.3.0/../../../libmsvcrt.a(djpvbs00131.o)
                0x0041c988                __p__environ
 .text          0x0041c990        0x0 c:/mingw/bin/../lib/gcc/mingw32/6.3.0/../../../libmsvcrt.a(djpvbs00119.o)
 .text          0x0041c990        0x8 c:/mingw/bin/../lib/gcc/mingw32/6.3.0/../../../libmsvcrt.a(djpvbs00088.o)
                0x0041c990                __getmainargs
 .text          0x0041c998        0x0 c:/mingw/bin/../lib/gcc/mingw32/6.3.0/../../../libmsvcrt.a(djpvbh.o)
 .text          0x0041c998        0x0 c:/mingw/bin/../lib/gcc/mingw32/6.3.0/../../../libmsvcrt.a(djpvbt.o)
 .text          0x0041c998        0x8 c:/mingw/bin/../lib/gcc/mingw32/6.3.0/../../../libkernel32.a(dujcs01223.o)
                0x0041c998                WaitForSingleObject@8
 .text          0x0041c9a0        0x8 c:/mingw/bin/../lib/gcc/mingw32/6.3.0/../../../libkernel32.a(dujcs01221.o)
                0x0041c9a0                WaitForMultipleObjects@16
 .text          0x0041c9a8        0x8 c:/mingw/bin/../lib/gcc/mingw32/6.3.0/../../../libkernel32.a(dujcs01215.o)
                0x0041c9a8                VirtualQuery@12
 .text          0x0041c9b0        0x8 c:/mingw/bin/../lib/gcc/mingw32/6.3.0/../../../libkernel32.a(dujcs01213.o)
                0x0041c9b0                VirtualProtect@16
 .text          0x0041c9b8        0x8 c:/mingw/bin/../lib/gcc/mingw32/6.3.0/../../../libkernel32.a(dujcs01173.o)
                0x0041c9b8                TlsGetValue@4
 .text          0x0041c9c0        0x8 c:/mingw/bin/../lib/gcc/mingw32/6.3.0/../../../libkernel32.a(dujcs01167.o)
                0x0041c9c0                TerminateThread@8
 .text          0x0041c9c8        0x8 c:/mingw/bin/../lib/gcc/mingw32/6.3.0/../../../libkernel32.a(dujcs01166.o)
                0x0041c9c8                TerminateProcess@8
 .text          0x0041c9d0        0x8 c:/mingw/bin/../lib/gcc/mingw32/6.3.0/../../../libkernel32.a(dujcs01160.o)
                0x0041c9d0                SuspendThread@4
 .text          0x0041c9d8        0x8 c:/mingw/bin/../lib/gcc/mingw32/6.3.0/../../../libkernel32.a(dujcs01152.o)
                0x0041c9d8                Sleep@4
 .text          0x0041c9e0        0x8 c:/mingw/bin/../lib/gcc/mingw32/6.3.0/../../../libkernel32.a(dujcs01140.o)
                0x0041c9e0                SetUnhandledExceptionFilter@4
 .text          0x0041c9e8        0x8 c:/mingw/bin/../lib/gcc/mingw32/6.3.0/../../../libkernel32.a(dujcs01130.o)
                0x0041c9e8                SetThreadPriorityBoost@8
 .text          0x0041c9f0        0x8 c:/mingw/bin/../lib/gcc/mingw32/6.3.0/../../../libkernel32.a(dujcs01129.o)
                0x0041c9f0                SetThreadPriority@8
 .text          0x0041c9f8        0x8 c:/mingw/bin/../lib/gcc/mingw32/6.3.0/../../../libkernel32.a(dujcs01120.o)
                0x0041c9f8                SetThreadAffinityMask@8
 .text          0x0041ca00        0x8 c:/mingw/bin/../lib/gcc/mingw32/6.3.0/../../../libkernel32.a(dujcs01101.o)
                0x0041ca00                SetPriorityClass@8
 .text          0x0041ca08        0x8 c:/mingw/bin/../lib/gcc/mingw32/6.3.0/../../../libkernel32.a(dujcs01065.o)
                0x0041ca08                SetEvent@4
 .text          0x0041ca10        0x8 c:/mingw/bin/../lib/gcc/mingw32/6.3.0/../../../libkernel32.a(dujcs01021.o)
                0x0041ca10                SetConsoleCtrlHandler@8
 .text          0x0041ca18        0x8 c:/mingw/bin/../lib/gcc/mingw32/6.3.0/../../../libkernel32.a(dujcs00999.o)
                0x0041ca18                ResumeThread@4
 .text          0x0041ca20        0x8 c:/mingw/bin/../lib/gcc/mingw32/6.3.0/../../../libkernel32.a(dujcs00974.o)
                0x0041ca20                ReleaseMutex@4
 .text          0x0041ca28        0x8 c:/mingw/bin/../lib/gcc/mingw32/6.3.0/../../../libkernel32.a(dujcs00923.o)
                0x0041ca28                QueryPerformanceFrequency@4
 .text          0x0041ca30        0x8 c:/mingw/bin/../lib/gcc/mingw32/6.3.0/../../../libkernel32.a(dujcs00922.o)
                0x0041ca30                QueryPerformanceCounter@4
 .text          0x0041ca38        0x8 c:/mingw/bin/../lib/gcc/mingw32/6.3.0/../../../libkernel32.a(dujcs00817.o)
                0x0041ca38                LoadLibraryA@4
 .text          0x0041ca40        0x8 c:/mingw/bin/../lib/gcc/mingw32/6.3.0/../../../libkernel32.a(dujcs00814.o)
                0x0041ca40                LeaveCriticalSection@4
 .text          0x0041ca48        0x8 c:/mingw/bin/../lib/gcc/mingw32/6.3.0/../../../libkernel32.a(dujcs00734.o)
                0x0041ca48                InitializeCriticalSection@4
 .text          0x0041ca50        0x8 c:/mingw/bin/../lib/gcc/mingw32/6.3.0/../../../libkernel32.a(dujcs00642.o)
                0x0041ca50                GetThreadContext@8
 .text          0x0041ca58        0x8 c:/mingw/bin/../lib/gcc/mingw32/6.3.0/../../../libkernel32.a(dujcs00623.o)
                0x0041ca58                GetSystemInfo@4
 .text          0x0041ca60        0x8 c:/mingw/bin/../lib/gcc/mingw32/6.3.0/../../../libkernel32.a(dujcs00577.o)
                0x0041ca60                GetProcAddress@8
 .text          0x0041ca68        0x8 c:/mingw/bin/../lib/gcc/mingw32/6.3.0/../../../libkernel32.a(dujcs00529.o)
                0x0041ca68                GetModuleHandleA@4
 .text          0x0041ca70        0x8 c:/mingw/bin/../lib/gcc/mingw32/6.3.0/../../../libkernel32.a(dujcs00510.o)
                0x0041ca70                GetLastError@0
 .text          0x0041ca78        0x8 c:/mingw/bin/../lib/gcc/mingw32/6.3.0/../../../libkernel32.a(dujcs00450.o)
                0x0041ca78                GetCurrentThread@0
 .text          0x0041ca80        0x8 c:/mingw/bin/../lib/gcc/mingw32/6.3.0/../../../libkernel32.a(dujcs00446.o)
                0x0041ca80                GetCurrentProcess@0
 .text          0x0041ca88        0x8 c:/mingw/bin/../lib/gcc/mingw32/6.3.0/../../../libkernel32.a(dujcs00388.o)
                0x0041ca88                GetCommandLineA@0
 .text          0x0041ca90        0x8 c:/mingw/bin/../lib/gcc/mingw32/6.3.0/../../../libkernel32.a(dujcs00352.o)
                0x0041ca90                FreeLibrary@4
 .text          0x0041ca98        0x8 c:/mingw/bin/../lib/gcc/mingw32/6.3.0/../../../libkernel32.a(dujcs00321.o)
                0x0041ca98                FindNextFileA@8
 .text          0x0041caa0        0x8 c:/mingw/bin/../lib/gcc/mingw32/6.3.0/../../../libkernel32.a(dujcs00304.o)
                0x0041caa0                FindFirstFileA@8
 .text          0x0041caa8        0x8 c:/mingw/bin/../lib/gcc/mingw32/6.3.0/../../../libkernel32.a(dujcs00300.o)
                0x0041caa8                FindClose@4
 .text          0x0041cab0        0x8 c:/mingw/bin/../lib/gcc/mingw32/6.3.0/../../../libkernel32.a(dujcs00280.o)
                0x0041cab0                ExitThread@4
 .text          0x0041cab8        0x8 c:/mingw/bin/../lib/gcc/mingw32/6.3.0/../../../libkernel32.a(dujcs00279.o)
                0x0041cab8                ExitProcess@4
 .text          0x0041cac0        0x8 c:/mingw/bin/../lib/gcc/mingw32/6.3.0/../../../libkernel32.a(dujcs00236.o)
                0x0041cac0                EnterCriticalSection@4
 .text          0x0041cac8        0x8 c:/mingw/bin/../lib/gcc/mingw32/6.3.0/../../../libkernel32.a(dujcs00207.o)
                0x0041cac8                DeleteCriticalSection@4
 .text          0x0041cad0        0x8 c:/mingw/bin/../lib/gcc/mingw32/6.3.0/../../../libkernel32.a(dujcs00179.o)
                0x0041cad0                CreateThread@24
 .text          0x0041cad8        0x8 c:/mingw/bin/../lib/gcc/mingw32/6.3.0/../../../libkernel32.a(dujcs00154.o)
                0x0041cad8                CreateMutexA@12
 .text          0x0041cae0        0x8 c:/mingw/bin/../lib/gcc/mingw32/6.3.0/../../../libkernel32.a(dujcs00129.o)
                0x0041cae0                CreateEventA@16
 .text          0x0041cae8        0x8 c:/mingw/bin/../lib/gcc/mingw32/6.3.0/../../../libkernel32.a(dujcs00082.o)
                0x0041cae8                CloseHandle@4
 .text          0x0041caf0        0x0 c:/mingw/bin/../lib/gcc/mingw32/6.3.0/../../../libkernel32.a(dujch.o)
 .text          0x0041caf0        0x0 c:/mingw/bin/../lib/gcc/mingw32/6.3.0/../../../libkernel32.a(dujct.o)
 .text          0x0041caf0        0x8 c:/mingw/bin/../lib/gcc/mingw32/6.3.0/../../../libmoldname.a(dagwbs00082.o)
                0x0041caf0                stricoll
 .text          0x0041caf8        0x8 c:/mingw/bin/../lib/gcc/mingw32/6.3.0/../../../libmoldname.a(dagwbs00080.o)
                0x0041caf8                strdup
 .text          0x0041cb00        0x0 c:/mingw/bin/../lib/gcc/mingw32/6.3.0/../../../libmoldname.a(dagwbh.o)
 .text          0x0041cb00        0x0 c:/mingw/bin/../lib/gcc/mingw32/6.3.0/../../../libmoldname.a(dagwbt.o)
 .text          0x0041cb00        0x0 c:/mingw/bin/../lib/gcc/mingw32/6.3.0/crtend.o
 *(SORT(.text$*))
 *(.text.*)
 .text.startup  0x0041cb00       0x10 c:/mingw/bin/../lib/gcc/mingw32/6.3.0/crtend.o
 *(.gnu.linkonce.t.*)
 *(.glue_7t)
 *(.glue_7)
                0x0041cb10                ___CTOR_LIST__ = .
                0x0041cb10                __CTOR_LIST__ = .
                0x0041cb10        0x4 LONG 0xffffffff
 *(.ctors)
 *(.ctor)
 *(SORT(.ctors.*))
 .ctors.65535   0x0041cb14        0x4 c:/mingw/bin/../lib/gcc/mingw32/6.3.0/crtend.o
                0x0041cb18        0x4 LONG 0x0
                0x0041cb1c                ___DTOR_LIST__ = .
                0x0041cb1c                __DTOR_LIST__ = .
                0x0041cb1c        0x4 LONG 0xffffffff
 *(.dtors)
 *(.dtor)
 *(SORT(.dtors.*))
                0x0041cb20        0x4 LONG 0x0
 *(.fini)
 *(.gcc_exc)
                [!provide]                PROVIDE (etext, .)
                [!provide]                PROVIDE (_etext, .)
 *(.gcc_except_table)

.data           0x0041d000      0x200
                0x0041d000                __data_start__ = .
 *(.data)
 .data          0x0041d000        0x0 c:/mingw/bin/../lib/gcc/mingw32/6.3.0/../../../crt2.o
 .data          0x0041d000        0x4 c:/mingw/bin/../lib/gcc/mingw32/6.3.0/crtbegin.o
 .data          0x0041d004        0x0 DemosModifiedForLowTickRate\recmutex.o
 .data          0x0041d004        0x8 FreeRTOS+Trace Recorder\trcKernelPort.o
                0x0041d004                TraceObjectClassTable
 .data          0x0041d00c        0x4 FreeRTOS+Trace Recorder\trcSnapshotRecorder.o
 .data          0x0041d010        0x0 FreeRTOS+Trace Recorder\trcStreamingRecorder.o
 .data          0x0041d010        0x0 FreeRTOS_Source\croutine.o
 .data          0x0041d010        0x0 FreeRTOS_Source\event_groups.o
 .data          0x0041d010        0x0 FreeRTOS_Source\list.o
 .data          0x0041d010        0x4 FreeRTOS_Source\portable\MSVC-MingW\port.o
 .data          0x0041d014        0x0 FreeRTOS_Source\portable\MemMang\heap_5.o
 .data          0x0041d014        0x0 FreeRTOS_Source\queue.o
 .data          0x0041d014        0x0 FreeRTOS_Source\stream_buffer.o
 .data          0x0041d014        0x0 FreeRTOS_Source\tasks.o
 .data          0x0041d014        0x0 FreeRTOS_Source\timers.o
 .data          0x0041d014        0x0 Run-time-stats-utils.o
 .data          0x0041d014        0x8 Standard_Demo_Tasks\AbortDelay.o
 .data          0x0041d01c        0x0 Standard_Demo_Tasks\BlockQ.o
 .data          0x0041d01c        0x0 Standard_Demo_Tasks\EventGroupsDemo.o
 .data          0x0041d01c        0x0 Standard_Demo_Tasks\GenQTest.o
 .data          0x0041d01c        0x0 Standard_Demo_Tasks\IntSemTest.o
 .data          0x0041d01c        0x4 Standard_Demo_Tasks\MessageBufferDemo.o
 .data          0x0041d020        0x0 Standard_Demo_Tasks\PollQ.o
 .data          0x0041d020        0x0 Standard_Demo_Tasks\QPeek.o
 .data          0x0041d020        0x4 Standard_Demo_Tasks\QueueOverwrite.o
 .data          0x0041d024        0xc Standard_Demo_Tasks\QueueSet.o
 .data          0x0041d030        0x4 Standard_Demo_Tasks\QueueSetPolling.o
 .data          0x0041d034        0xc Standard_Demo_Tasks\StreamBufferDemo.o
 .data          0x0041d040        0x4 Standard_Demo_Tasks\TaskNotify.o
 .data          0x0041d044        0x8 Standard_Demo_Tasks\TimerDemo.o
 .data          0x0041d04c        0x0 Standard_Demo_Tasks\blocktim.o
 .data          0x0041d04c        0x0 Standard_Demo_Tasks\countsem.o
 .data          0x0041d04c        0x4 Standard_Demo_Tasks\death.o
 .data          0x0041d050        0x0 Standard_Demo_Tasks\dynamic.o
 .data          0x0041d050        0x0 Standard_Demo_Tasks\flop.o
 .data          0x0041d050        0x0 Standard_Demo_Tasks\integer.o
 .data          0x0041d050        0x0 Standard_Demo_Tasks\semtest.o
 .data          0x0041d050        0x4 main.o
 .data          0x0041d054        0x0 main_blinky.o
 .data          0x0041d054        0xc main_full.o
 .data          0x0041d060        0x0 c:/mingw/bin/../lib/gcc/mingw32/6.3.0/../../../libwinmm.a(drqcs00146.o)
 .data          0x0041d060        0x0 c:/mingw/bin/../lib/gcc/mingw32/6.3.0/../../../libwinmm.a(drqcs00145.o)
 .data          0x0041d060        0x0 c:/mingw/bin/../lib/gcc/mingw32/6.3.0/../../../libwinmm.a(drqcs00144.o)
 .data          0x0041d060        0x0 c:/mingw/bin/../lib/gcc/mingw32/6.3.0/../../../libwinmm.a(drqch.o)
 .data          0x0041d060        0x0 c:/mingw/bin/../lib/gcc/mingw32/6.3.0/../../../libwinmm.a(drqct.o)
 .data          0x0041d060        0x4 c:/mingw/bin/../lib/gcc/mingw32/6.3.0/../../../libmingw32.a(CRTglob.o)
                0x0041d060                _CRT_glob
 .data          0x0041d064        0x0 c:/mingw/bin/../lib/gcc/mingw32/6.3.0/../../../libmingw32.a(setargv.o)
 .data          0x0041d064        0x0 c:/mingw/bin/../lib/gcc/mingw32/6.3.0/../../../libmingw32.a(CRTfmode.o)
 .data          0x0041d064        0x0 c:/mingw/bin/../lib/gcc/mingw32/6.3.0/../../../libmingw32.a(cpu_features.o)
 .data          0x0041d064        0x4 c:/mingw/bin/../lib/gcc/mingw32/6.3.0/../../../libmingw32.a(CRT_fp10.o)
                0x0041d064                _CRT_fenv
 .data          0x0041d068        0x4 c:/mingw/bin/../lib/gcc/mingw32/6.3.0/../../../libmingw32.a(txtmode.o)
                0x0041d068                _fmode
 .data          0x0041d06c        0x4 c:/mingw/bin/../lib/gcc/mingw32/6.3.0/../../../libmingw32.a(gccmain.o)
 .data          0x0041d070        0x0 c:/mingw/bin/../lib/gcc/mingw32/6.3.0/../../../libmingw32.a(tlssup.o)
 .data          0x0041d070        0x0 c:/mingw/bin/../lib/gcc/mingw32/6.3.0/../../../libmingw32.a(tlsthrd.o)
 .data          0x0041d070        0x0 c:/mingw/bin/../lib/gcc/mingw32/6.3.0/../../../libmingw32.a(pseudo-reloc.o)
 .data          0x0041d070        0x0 c:/mingw/bin/../lib/gcc/mingw32/6.3.0/../../../libmingw32.a(pseudo-reloc-list.o)
 .data          0x0041d070        0x0 c:/mingw/bin/../lib/gcc/mingw32/6.3.0/../../../libmingw32.a(crtst.o)
 .data          0x0041d070        0x0 c:/mingw/bin/../lib/gcc/mingw32/6.3.0/libgcc.a(_chkstk_ms.o)
 .data          0x0041d070        0x0 c:/mingw/bin/../lib/gcc/mingw32/6.3.0/libgcc.a(_ctors.o)
 .data          0x0041d070        0x0 c:/mingw/bin/../lib/gcc/mingw32/6.3.0/libgcc.a(_divdi3.o)
 .data          0x0041d070        0x4 c:/mingw/bin/../lib/gcc/mingw32/6.3.0/../../../libmingwex.a(fesetenv.o)
 .data          0x0041d074        0x0 c:/mingw/bin/../lib/gcc/mingw32/6.3.0/../../../libmingwex.a(glob.o)
 .data          0x0041d074        0x0 c:/mingw/bin/../lib/gcc/mingw32/6.3.0/../../../libmingwex.a(dirname.o)
 .data          0x0041d074        0x0 c:/mingw/bin/../lib/gcc/mingw32/6.3.0/../../../libmingwex.a(dirent.o)
 .data          0x0041d074        0x0 c:/mingw/bin/../lib/gcc/mingw32/6.3.0/../../../libmsvcrt.a(djpvbs01325.o)
 .data          0x0041d074        0x0 c:/mingw/bin/../lib/gcc/mingw32/6.3.0/../../../libmsvcrt.a(djpvbs01284.o)
 .data          0x0041d074        0x0 c:/mingw/bin/../lib/gcc/mingw32/6.3.0/../../../libmsvcrt.a(djpvbs01277.o)
 .data          0x0041d074        0x0 c:/mingw/bin/../lib/gcc/mingw32/6.3.0/../../../libmsvcrt.a(djpvbs01252.o)
 .data          0x0041d074        0x0 c:/mingw/bin/../lib/gcc/mingw32/6.3.0/../../../libmsvcrt.a(djpvbs01249.o)
 .data          0x0041d074        0x0 c:/mingw/bin/../lib/gcc/mingw32/6.3.0/../../../libmsvcrt.a(djpvbs01243.o)
 .data          0x0041d074        0x0 c:/mingw/bin/../lib/gcc/mingw32/6.3.0/../../../libmsvcrt.a(djpvbs01242.o)
 .data          0x0041d074        0x0 c:/mingw/bin/../lib/gcc/mingw32/6.3.0/../../../libmsvcrt.a(djpvbs01241.o)
 .data          0x0041d074        0x0 c:/mingw/bin/../lib/gcc/mingw32/6.3.0/../../../libmsvcrt.a(djpvbs01232.o)
 .data          0x0041d074        0x0 c:/mingw/bin/../lib/gcc/mingw32/6.3.0/../../../libmsvcrt.a(djpvbs01229.o)
 .data          0x0041d074        0x0 c:/mingw/bin/../lib/gcc/mingw32/6.3.0/../../../libmsvcrt.a(djpvbs01227.o)
 .data          0x0041d074        0x0 c:/mingw/bin/../lib/gcc/mingw32/6.3.0/../../../libmsvcrt.a(djpvbs01220.o)
 .data          0x0041d074        0x0 c:/mingw/bin/../lib/gcc/mingw32/6.3.0/../../../libmsvcrt.a(djpvbs01218.o)
 .data          0x0041d074        0x0 c:/mingw/bin/../lib/gcc/mingw32/6.3.0/../../../libmsvcrt.a(djpvbs01212.o)
 .data          0x0041d074        0x0 c:/mingw/bin/../lib/gcc/mingw32/6.3.0/../../../libmsvcrt.a(djpvbs01208.o)
 .data          0x0041d074        0x0 c:/mingw/bin/../lib/gcc/mingw32/6.3.0/../../../libmsvcrt.a(djpvbs01203.o)
 .data          0x0041d074        0x0 c:/mingw/bin/../lib/gcc/mingw32/6.3.0/../../../libmsvcrt.a(djpvbs01199.o)
 .data          0x0041d074        0x0 c:/mingw/bin/../lib/gcc/mingw32/6.3.0/../../../libmsvcrt.a(djpvbs01198.o)
 .data          0x0041d074        0x0 c:/mingw/bin/../lib/gcc/mingw32/6.3.0/../../../libmsvcrt.a(djpvbs01194.o)
 .data          0x0041d074        0x0 c:/mingw/bin/../lib/gcc/mingw32/6.3.0/../../../libmsvcrt.a(djpvbs01187.o)
 .data          0x0041d074        0x0 c:/mingw/bin/../lib/gcc/mingw32/6.3.0/../../../libmsvcrt.a(djpvbs01142.o)
 .data          0x0041d074        0x0 c:/mingw/bin/../lib/gcc/mingw32/6.3.0/../../../libmsvcrt.a(djpvbs01131.o)
 .data          0x0041d074        0x0 c:/mingw/bin/../lib/gcc/mingw32/6.3.0/../../../libmsvcrt.a(djpvbs01123.o)
 .data          0x0041d074        0x0 c:/mingw/bin/../lib/gcc/mingw32/6.3.0/../../../libmsvcrt.a(djpvbs01114.o)
 .data          0x0041d074        0x0 c:/mingw/bin/../lib/gcc/mingw32/6.3.0/../../../libmsvcrt.a(djpvbs01111.o)
 .data          0x0041d074        0x0 c:/mingw/bin/../lib/gcc/mingw32/6.3.0/../../../libmsvcrt.a(djpvbs01098.o)
 .data          0x0041d074        0x0 c:/mingw/bin/../lib/gcc/mingw32/6.3.0/../../../libmsvcrt.a(djpvbs01091.o)
 .data          0x0041d074        0x0 c:/mingw/bin/../lib/gcc/mingw32/6.3.0/../../../libmsvcrt.a(djpvbs01083.o)
 .data          0x0041d074        0x0 c:/mingw/bin/../lib/gcc/mingw32/6.3.0/../../../libmsvcrt.a(djpvbs00753.o)
 .data          0x0041d074        0x0 c:/mingw/bin/../lib/gcc/mingw32/6.3.0/../../../libmsvcrt.a(djpvbs00698.o)
 .data          0x0041d074        0x0 c:/mingw/bin/../lib/gcc/mingw32/6.3.0/../../../libmsvcrt.a(djpvbs00689.o)
 .data          0x0041d074        0x0 c:/mingw/bin/../lib/gcc/mingw32/6.3.0/../../../libmsvcrt.a(djpvbs00422.o)
 .data          0x0041d074        0x0 c:/mingw/bin/../lib/gcc/mingw32/6.3.0/../../../libmsvcrt.a(djpvbs00417.o)
 .data          0x0041d074        0x0 c:/mingw/bin/../lib/gcc/mingw32/6.3.0/../../../libmsvcrt.a(djpvbs00350.o)
 .data          0x0041d074        0x0 c:/mingw/bin/../lib/gcc/mingw32/6.3.0/../../../libmsvcrt.a(djpvbs00324.o)
 .data          0x0041d074        0x0 c:/mingw/bin/../lib/gcc/mingw32/6.3.0/../../../libmsvcrt.a(djpvbs00285.o)
 .data          0x0041d074        0x0 c:/mingw/bin/../lib/gcc/mingw32/6.3.0/../../../libmsvcrt.a(djpvbs00219.o)
 .data          0x0041d074        0x0 c:/mingw/bin/../lib/gcc/mingw32/6.3.0/../../../libmsvcrt.a(djpvbs00153.o)
 .data          0x0041d074        0x0 c:/mingw/bin/../lib/gcc/mingw32/6.3.0/../../../libmsvcrt.a(djpvbs00133.o)
 .data          0x0041d074        0x0 c:/mingw/bin/../lib/gcc/mingw32/6.3.0/../../../libmsvcrt.a(djpvbs00131.o)
 .data          0x0041d074        0x0 c:/mingw/bin/../lib/gcc/mingw32/6.3.0/../../../libmsvcrt.a(djpvbs00119.o)
 .data          0x0041d074        0x0 c:/mingw/bin/../lib/gcc/mingw32/6.3.0/../../../libmsvcrt.a(djpvbs00088.o)
 .data          0x0041d074        0x0 c:/mingw/bin/../lib/gcc/mingw32/6.3.0/../../../libmsvcrt.a(djpvbh.o)
 .data          0x0041d074        0x0 c:/mingw/bin/../lib/gcc/mingw32/6.3.0/../../../libmsvcrt.a(djpvbt.o)
 .data          0x0041d074        0x0 c:/mingw/bin/../lib/gcc/mingw32/6.3.0/../../../libkernel32.a(dujcs01223.o)
 .data          0x0041d074        0x0 c:/mingw/bin/../lib/gcc/mingw32/6.3.0/../../../libkernel32.a(dujcs01221.o)
 .data          0x0041d074        0x0 c:/mingw/bin/../lib/gcc/mingw32/6.3.0/../../../libkernel32.a(dujcs01215.o)
 .data          0x0041d074        0x0 c:/mingw/bin/../lib/gcc/mingw32/6.3.0/../../../libkernel32.a(dujcs01213.o)
 .data          0x0041d074        0x0 c:/mingw/bin/../lib/gcc/mingw32/6.3.0/../../../libkernel32.a(dujcs01173.o)
 .data          0x0041d074        0x0 c:/mingw/bin/../lib/gcc/mingw32/6.3.0/../../../libkernel32.a(dujcs01167.o)
 .data          0x0041d074        0x0 c:/mingw/bin/../lib/gcc/mingw32/6.3.0/../../../libkernel32.a(dujcs01166.o)
 .data          0x0041d074        0x0 c:/mingw/bin/../lib/gcc/mingw32/6.3.0/../../../libkernel32.a(dujcs01160.o)
 .data          0x0041d074        0x0 c:/mingw/bin/../lib/gcc/mingw32/6.3.0/../../../libkernel32.a(dujcs01152.o)
 .data          0x0041d074        0x0 c:/mingw/bin/../lib/gcc/mingw32/6.3.0/../../../libkernel32.a(dujcs01140.o)
 .data          0x0041d074        0x0 c:/mingw/bin/../lib/gcc/mingw32/6.3.0/../../../libkernel32.a(dujcs01130.o)
 .data          0x0041d074        0x0 c:/mingw/bin/../lib/gcc/mingw32/6.3.0/../../../libkernel32.a(dujcs01129.o)
 .data          0x0041d074        0x0 c:/mingw/bin/../lib/gcc/mingw32/6.3.0/../../../libkernel32.a(dujcs01120.o)
 .data          0x0041d074        0x0 c:/mingw/bin/../lib/gcc/mingw32/6.3.0/../../../libkernel32.a(dujcs01101.o)
 .data          0x0041d074        0x0 c:/mingw/bin/../lib/gcc/mingw32/6.3.0/../../../libkernel32.a(dujcs01065.o)
 .data          0x0041d074        0x0 c:/mingw/bin/../lib/gcc/mingw32/6.3.0/../../../libkernel32.a(dujcs01021.o)
 .data          0x0041d074        0x0 c:/mingw/bin/../lib/gcc/mingw32/6.3.0/../../../libkernel32.a(dujcs00999.o)
 .data          0x0041d074        0x0 c:/mingw/bin/../lib/gcc/mingw32/6.3.0/../../../libkernel32.a(dujcs00974.o)
 .data          0x0041d074        0x0 c:/mingw/bin/../lib/gcc/mingw32/6.3.0/../../../libkernel32.a(dujcs00923.o)
 .data          0x0041d074        0x0 c:/mingw/bin/../lib/gcc/mingw32/6.3.0/../../../libkernel32.a(dujcs00922.o)
 .data          0x0041d074        0x0 c:/mingw/bin/../lib/gcc/mingw32/6.3.0/../../../libkernel32.a(dujcs00817.o)
 .data          0x0041d074        0x0 c:/mingw/bin/../lib/gcc/mingw32/6.3.0/../../../libkernel32.a(dujcs00814.o)
 .data          0x0041d074        0x0 c:/mingw/bin/../lib/gcc/mingw32/6.3.0/../../../libkernel32.a(dujcs00734.o)
 .data          0x0041d074        0x0 c:/mingw/bin/../lib/gcc/mingw32/6.3.0/../../../libkernel32.a(dujcs00642.o)
 .data          0x0041d074        0x0 c:/mingw/bin/../lib/gcc/mingw32/6.3.0/../../../libkernel32.a(dujcs00623.o)
 .data          0x0041d074        0x0 c:/mingw/bin/../lib/gcc/mingw32/6.3.0/../../../libkernel32.a(dujcs00577.o)
 .data          0x0041d074        0x0 c:/mingw/bin/../lib/gcc/mingw32/6.3.0/../../../libkernel32.a(dujcs00529.o)
 .data          0x0041d074        0x0 c:/mingw/bin/../lib/gcc/mingw32/6.3.0/../../../libkernel32.a(dujcs00510.o)
 .data          0x0041d074        0x0 c:/mingw/bin/../lib/gcc/mingw32/6.3.0/../../../libkernel32.a(dujcs00450.o)
 .data          0x0041d074        0x0 c:/mingw/bin/../lib/gcc/mingw32/6.3.0/../../../libkernel32.a(dujcs00446.o)
 .data          0x0041d074        0x0 c:/mingw/bin/../lib/gcc/mingw32/6.3.0/../../../libkernel32.a(dujcs00388.o)
 .data          0x0041d074        0x0 c:/mingw/bin/../lib/gcc/mingw32/6.3.0/../../../libkernel32.a(dujcs00352.o)
 .data          0x0041d074        0x0 c:/mingw/bin/../lib/gcc/mingw32/6.3.0/../../../libkernel32.a(dujcs00321.o)
 .data          0x0041d074        0x0 c:/mingw/bin/../lib/gcc/mingw32/6.3.0/../../../libkernel32.a(dujcs00304.o)
 .data          0x0041d074        0x0 c:/mingw/bin/../lib/gcc/mingw32/6.3.0/../../../libkernel32.a(dujcs00300.o)
 .data          0x0041d074        0x0 c:/mingw/bin/../lib/gcc/mingw32/6.3.0/../../../libkernel32.a(dujcs00280.o)
 .data          0x0041d074        0x0 c:/mingw/bin/../lib/gcc/mingw32/6.3.0/../../../libkernel32.a(dujcs00279.o)
 .data          0x0041d074        0x0 c:/mingw/bin/../lib/gcc/mingw32/6.3.0/../../../libkernel32.a(dujcs00236.o)
 .data          0x0041d074        0x0 c:/mingw/bin/../lib/gcc/mingw32/6.3.0/../../../libkernel32.a(dujcs00207.o)
 .data          0x0041d074        0x0 c:/mingw/bin/../lib/gcc/mingw32/6.3.0/../../../libkernel32.a(dujcs00179.o)
 .data          0x0041d074        0x0 c:/mingw/bin/../lib/gcc/mingw32/6.3.0/../../../libkernel32.a(dujcs00154.o)
 .data          0x0041d074        0x0 c:/mingw/bin/../lib/gcc/mingw32/6.3.0/../../../libkernel32.a(dujcs00129.o)
 .data          0x0041d074        0x0 c:/mingw/bin/../lib/gcc/mingw32/6.3.0/../../../libkernel32.a(dujcs00082.o)
 .data          0x0041d074        0x0 c:/mingw/bin/../lib/gcc/mingw32/6.3.0/../../../libkernel32.a(dujch.o)
 .data          0x0041d074        0x0 c:/mingw/bin/../lib/gcc/mingw32/6.3.0/../../../libkernel32.a(dujct.o)
 .data          0x0041d074        0x0 c:/mingw/bin/../lib/gcc/mingw32/6.3.0/../../../libmoldname.a(dagwbs00082.o)
 .data          0x0041d074        0x0 c:/mingw/bin/../lib/gcc/mingw32/6.3.0/../../../libmoldname.a(dagwbs00080.o)
 .data          0x0041d074        0x0 c:/mingw/bin/../lib/gcc/mingw32/6.3.0/../../../libmoldname.a(dagwbh.o)
 .data          0x0041d074        0x0 c:/mingw/bin/../lib/gcc/mingw32/6.3.0/../../../libmoldname.a(dagwbt.o)
 .data          0x0041d074        0x0 c:/mingw/bin/../lib/gcc/mingw32/6.3.0/crtend.o
 *(.data2)
 *(SORT(.data$*))
 *(.jcr)
 .jcr           0x0041d074        0x0 c:/mingw/bin/../lib/gcc/mingw32/6.3.0/crtbegin.o
 .jcr           0x0041d074        0x4 c:/mingw/bin/../lib/gcc/mingw32/6.3.0/crtend.o
                0x0041d078                __data_end__ = .
 *(.data_cygwin_nocopy)

.rdata          0x0041e000     0x2a00
 *(.rdata)
 .rdata         0x0041e000       0x64 c:/mingw/bin/../lib/gcc/mingw32/6.3.0/crtbegin.o
 .rdata         0x0041e064       0x2c DemosModifiedForLowTickRate\recmutex.o
 .rdata         0x0041e090      0x334 FreeRTOS+Trace Recorder\trcKernelPort.o
 .rdata         0x0041e3c4     0x1118 FreeRTOS+Trace Recorder\trcSnapshotRecorder.o
 .rdata         0x0041f4dc       0x20 FreeRTOS_Source\event_groups.o
 .rdata         0x0041f4fc       0x98 FreeRTOS_Source\portable\MSVC-MingW\port.o
 .rdata         0x0041f594       0x30 FreeRTOS_Source\portable\MemMang\heap_5.o
 .rdata         0x0041f5c4       0x18 FreeRTOS_Source\queue.o
 .rdata         0x0041f5dc       0x20 FreeRTOS_Source\stream_buffer.o
 .rdata         0x0041f5fc       0x80 FreeRTOS_Source\tasks.o
 .rdata         0x0041f67c       0x54 FreeRTOS_Source\timers.o
 .rdata         0x0041f6d0       0x5c Standard_Demo_Tasks\AbortDelay.o
                0x0041f6e0                xMaxBlockTime
                0x0041f6e4                xHalfMaxBlockTime
                0x0041f6e8                xAllowableMargin
 .rdata         0x0041f72c       0x30 Standard_Demo_Tasks\BlockQ.o
 .rdata         0x0041f75c       0x38 Standard_Demo_Tasks\EventGroupsDemo.o
 .rdata         0x0041f794       0x60 Standard_Demo_Tasks\GenQTest.o
 .rdata         0x0041f7f4       0x3c Standard_Demo_Tasks\IntSemTest.o
                0x0041f7f4                xInterruptGivePeriod
 .rdata         0x0041f830       0x9c Standard_Demo_Tasks\MessageBufferDemo.o
 .rdata         0x0041f8cc       0x20 Standard_Demo_Tasks\PollQ.o
 .rdata         0x0041f8ec       0x2c Standard_Demo_Tasks\QPeek.o
 .rdata         0x0041f918       0x30 Standard_Demo_Tasks\QueueOverwrite.o
 .rdata         0x0041f948       0x2c Standard_Demo_Tasks\QueueSet.o
 .rdata         0x0041f974        0x8 Standard_Demo_Tasks\QueueSetPolling.o
 .rdata         0x0041f97c       0xf0 Standard_Demo_Tasks\StreamBufferDemo.o
 .rdata         0x0041fa6c       0x44 Standard_Demo_Tasks\TaskNotify.o
 .rdata         0x0041fab0       0x50 Standard_Demo_Tasks\TimerDemo.o
 .rdata         0x0041fb00       0x20 Standard_Demo_Tasks\blocktim.o
 .rdata         0x0041fb20       0x48 Standard_Demo_Tasks\countsem.o
 .rdata         0x0041fb68       0x1c Standard_Demo_Tasks\death.o
 .rdata         0x0041fb84       0x5c Standard_Demo_Tasks\dynamic.o
 .rdata         0x0041fbe0       0x60 Standard_Demo_Tasks\flop.o
 .rdata         0x0041fc40        0x8 Standard_Demo_Tasks\integer.o
 .rdata         0x0041fc48       0x40 Standard_Demo_Tasks\semtest.o
 .rdata         0x0041fc88       0x98 main.o
 .rdata         0x0041fd20       0x2c main_blinky.o
 .rdata         0x0041fd4c      0x404 main_full.o
 .rdata         0x00420150        0x4 c:/mingw/bin/../lib/gcc/mingw32/6.3.0/../../../libmingw32.a(tlssup.o)
                0x00420150                __dyn_tls_init_callback
 .rdata         0x00420154       0xac c:/mingw/bin/../lib/gcc/mingw32/6.3.0/../../../libmingw32.a(pseudo-reloc.o)
 .rdata         0x00420200       0x14 c:/mingw/bin/../lib/gcc/mingw32/6.3.0/../../../libmingwex.a(glob.o)
 .rdata         0x00420214        0x8 c:/mingw/bin/../lib/gcc/mingw32/6.3.0/../../../libmingwex.a(dirname.o)
 *(SORT(.rdata$*))
 .rdata$zzz     0x0042021c       0x14 c:/mingw/bin/../lib/gcc/mingw32/6.3.0/../../../crt2.o
 .rdata$zzz     0x00420230       0x14 c:/mingw/bin/../lib/gcc/mingw32/6.3.0/crtbegin.o
 .rdata$zzz     0x00420244       0x24 DemosModifiedForLowTickRate\recmutex.o
 .rdata$zzz     0x00420268       0x24 FreeRTOS+Trace Recorder\trcKernelPort.o
 .rdata$zzz     0x0042028c       0x24 FreeRTOS+Trace Recorder\trcSnapshotRecorder.o
 .rdata$zzz     0x004202b0       0x24 FreeRTOS+Trace Recorder\trcStreamingRecorder.o
 .rdata$zzz     0x004202d4       0x24 FreeRTOS_Source\croutine.o
 .rdata$zzz     0x004202f8       0x24 FreeRTOS_Source\event_groups.o
 .rdata$zzz     0x0042031c       0x24 FreeRTOS_Source\list.o
 .rdata$zzz     0x00420340       0x24 FreeRTOS_Source\portable\MSVC-MingW\port.o
 .rdata$zzz     0x00420364       0x24 FreeRTOS_Source\portable\MemMang\heap_5.o
 .rdata$zzz     0x00420388       0x24 FreeRTOS_Source\queue.o
 .rdata$zzz     0x004203ac       0x24 FreeRTOS_Source\stream_buffer.o
 .rdata$zzz     0x004203d0       0x24 FreeRTOS_Source\tasks.o
 .rdata$zzz     0x004203f4       0x24 FreeRTOS_Source\timers.o
 .rdata$zzz     0x00420418       0x24 Run-time-stats-utils.o
 .rdata$zzz     0x0042043c       0x24 Standard_Demo_Tasks\AbortDelay.o
 .rdata$zzz     0x00420460       0x24 Standard_Demo_Tasks\BlockQ.o
 .rdata$zzz     0x00420484       0x24 Standard_Demo_Tasks\EventGroupsDemo.o
 .rdata$zzz     0x004204a8       0x24 Standard_Demo_Tasks\GenQTest.o
 .rdata$zzz     0x004204cc       0x24 Standard_Demo_Tasks\IntSemTest.o
 .rdata$zzz     0x004204f0       0x24 Standard_Demo_Tasks\MessageBufferDemo.o
 .rdata$zzz     0x00420514       0x24 Standard_Demo_Tasks\PollQ.o
 .rdata$zzz     0x00420538       0x24 Standard_Demo_Tasks\QPeek.o
 .rdata$zzz     0x0042055c       0x24 Standard_Demo_Tasks\QueueOverwrite.o
 .rdata$zzz     0x00420580       0x24 Standard_Demo_Tasks\QueueSet.o
 .rdata$zzz     0x004205a4       0x24 Standard_Demo_Tasks\QueueSetPolling.o
 .rdata$zzz     0x004205c8       0x24 Standard_Demo_Tasks\StreamBufferDemo.o
 .rdata$zzz     0x004205ec       0x24 Standard_Demo_Tasks\TaskNotify.o
 .rdata$zzz     0x00420610       0x24 Standard_Demo_Tasks\TimerDemo.o
 .rdata$zzz     0x00420634       0x24 Standard_Demo_Tasks\blocktim.o
 .rdata$zzz     0x00420658       0x24 Standard_Demo_Tasks\countsem.o
 .rdata$zzz     0x0042067c       0x24 Standard_Demo_Tasks\death.o
 .rdata$zzz     0x004206a0       0x24 Standard_Demo_Tasks\dynamic.o
 .rdata$zzz     0x004206c4       0x24 Standard_Demo_Tasks\flop.o
 .rdata$zzz     0x004206e8       0x24 Standard_Demo_Tasks\integer.o
 .rdata$zzz     0x0042070c       0x24 Standard_Demo_Tasks\semtest.o
 .rdata$zzz     0x00420730       0x24 main.o
 .rdata$zzz     0x00420754       0x24 main_blinky.o
 .rdata$zzz     0x00420778       0x24 main_full.o
 .rdata$zzz     0x0042079c       0x14 c:/mingw/bin/../lib/gcc/mingw32/6.3.0/../../../libmingw32.a(CRTglob.o)
 .rdata$zzz     0x004207b0       0x14 c:/mingw/bin/../lib/gcc/mingw32/6.3.0/../../../libmingw32.a(setargv.o)
 .rdata$zzz     0x004207c4       0x14 c:/mingw/bin/../lib/gcc/mingw32/6.3.0/../../../libmingw32.a(CRTfmode.o)
 .rdata$zzz     0x004207d8       0x14 c:/mingw/bin/../lib/gcc/mingw32/6.3.0/../../../libmingw32.a(CRT_fp10.o)
 .rdata$zzz     0x004207ec       0x14 c:/mingw/bin/../lib/gcc/mingw32/6.3.0/../../../libmingw32.a(txtmode.o)
 .rdata$zzz     0x00420800       0x14 c:/mingw/bin/../lib/gcc/mingw32/6.3.0/../../../libmingw32.a(gccmain.o)
 .rdata$zzz     0x00420814       0x14 c:/mingw/bin/../lib/gcc/mingw32/6.3.0/../../../libmingw32.a(tlssup.o)
 .rdata$zzz     0x00420828       0x14 c:/mingw/bin/../lib/gcc/mingw32/6.3.0/../../../libmingw32.a(tlsthrd.o)
 .rdata$zzz     0x0042083c       0x14 c:/mingw/bin/../lib/gcc/mingw32/6.3.0/../../../libmingw32.a(pseudo-reloc.o)
 .rdata$zzz     0x00420850       0x14 c:/mingw/bin/../lib/gcc/mingw32/6.3.0/../../../libmingw32.a(pseudo-reloc-list.o)
 .rdata$zzz     0x00420864       0x14 c:/mingw/bin/../lib/gcc/mingw32/6.3.0/../../../libmingw32.a(crtst.o)
 .rdata$zzz     0x00420878       0x14 c:/mingw/bin/../lib/gcc/mingw32/6.3.0/libgcc.a(_ctors.o)
 .rdata$zzz     0x0042088c       0x14 c:/mingw/bin/../lib/gcc/mingw32/6.3.0/libgcc.a(_divdi3.o)
 .rdata$zzz     0x004208a0       0x14 c:/mingw/bin/../lib/gcc/mingw32/6.3.0/../../../libmingwex.a(fesetenv.o)
 .rdata$zzz     0x004208b4       0x14 c:/mingw/bin/../lib/gcc/mingw32/6.3.0/../../../libmingwex.a(glob.o)
 .rdata$zzz     0x004208c8       0x14 c:/mingw/bin/../lib/gcc/mingw32/6.3.0/../../../libmingwex.a(dirname.o)
 .rdata$zzz     0x004208dc       0x14 c:/mingw/bin/../lib/gcc/mingw32/6.3.0/../../../libmingwex.a(dirent.o)
 .rdata$zzz     0x004208f0       0x14 c:/mingw/bin/../lib/gcc/mingw32/6.3.0/crtend.o
                0x00420904                __rt_psrelocs_start = .
 *(.rdata_runtime_pseudo_reloc)
                0x00420904                __rt_psrelocs_end = .
                0x00000000                __rt_psrelocs_size = (__rt_psrelocs_end - __rt_psrelocs_start)
                0x00420904                ___RUNTIME_PSEUDO_RELOC_LIST_END__ = .
                0x00420904                __RUNTIME_PSEUDO_RELOC_LIST_END__ = .
                0x00420904                ___RUNTIME_PSEUDO_RELOC_LIST__ = (. - __rt_psrelocs_size)
                0x00420904                __RUNTIME_PSEUDO_RELOC_LIST__ = (. - __rt_psrelocs_size)

.eh_frame       0x00421000     0x4800
 *(.eh_frame*)
 .eh_frame      0x00421000       0xb8 c:/mingw/bin/../lib/gcc/mingw32/6.3.0/../../../crt2.o
 .eh_frame      0x004210b8       0x64 c:/mingw/bin/../lib/gcc/mingw32/6.3.0/crtbegin.o
                0x004210b8                __EH_FRAME_BEGIN__
 .eh_frame      0x0042111c       0xac DemosModifiedForLowTickRate\recmutex.o
 .eh_frame      0x004211c8      0x1ac FreeRTOS+Trace Recorder\trcKernelPort.o
 .eh_frame      0x00421374      0x794 FreeRTOS+Trace Recorder\trcSnapshotRecorder.o
 .eh_frame      0x00421b08       0xf8 FreeRTOS_Source\croutine.o
 .eh_frame      0x00421c00      0x1d8 FreeRTOS_Source\event_groups.o
 .eh_frame      0x00421dd8       0xb8 FreeRTOS_Source\list.o
 .eh_frame      0x00421e90      0x1cc FreeRTOS_Source\portable\MSVC-MingW\port.o
 .eh_frame      0x0042205c       0xd8 FreeRTOS_Source\portable\MemMang\heap_5.o
 .eh_frame      0x00422134      0x680 FreeRTOS_Source\queue.o
 .eh_frame      0x004227b4      0x304 FreeRTOS_Source\stream_buffer.o
 .eh_frame      0x00422ab8      0x8f4 FreeRTOS_Source\tasks.o
 .eh_frame      0x004233ac      0x314 FreeRTOS_Source\timers.o
 .eh_frame      0x004236c0       0x60 Run-time-stats-utils.o
 .eh_frame      0x00423720      0x190 Standard_Demo_Tasks\AbortDelay.o
 .eh_frame      0x004238b0       0x90 Standard_Demo_Tasks\BlockQ.o
 .eh_frame      0x00423940      0x14c Standard_Demo_Tasks\EventGroupsDemo.o
 .eh_frame      0x00423a8c      0x128 Standard_Demo_Tasks\GenQTest.o
 .eh_frame      0x00423bb4      0x10c Standard_Demo_Tasks\IntSemTest.o
 .eh_frame      0x00423cc0       0xe8 Standard_Demo_Tasks\MessageBufferDemo.o
 .eh_frame      0x00423da8       0x90 Standard_Demo_Tasks\PollQ.o
 .eh_frame      0x00423e38       0xc8 Standard_Demo_Tasks\QPeek.o
 .eh_frame      0x00423f00       0x94 Standard_Demo_Tasks\QueueOverwrite.o
 .eh_frame      0x00423f94      0x1b0 Standard_Demo_Tasks\QueueSet.o
 .eh_frame      0x00424144       0x94 Standard_Demo_Tasks\QueueSetPolling.o
 .eh_frame      0x004241d8      0x124 Standard_Demo_Tasks\StreamBufferDemo.o
 .eh_frame      0x004242fc      0x114 Standard_Demo_Tasks\TaskNotify.o
 .eh_frame      0x00424410      0x1f4 Standard_Demo_Tasks\TimerDemo.o
 .eh_frame      0x00424604       0xb0 Standard_Demo_Tasks\blocktim.o
 .eh_frame      0x004246b4       0xb4 Standard_Demo_Tasks\countsem.o
 .eh_frame      0x00424768       0x90 Standard_Demo_Tasks\death.o
 .eh_frame      0x004247f8       0xe4 Standard_Demo_Tasks\dynamic.o
 .eh_frame      0x004248dc       0xc8 Standard_Demo_Tasks\flop.o
 .eh_frame      0x004249a4       0x74 Standard_Demo_Tasks\integer.o
 .eh_frame      0x00424a18       0x74 Standard_Demo_Tasks\semtest.o
 .eh_frame      0x00424a8c      0x1c8 main.o
 .eh_frame      0x00424c54       0x6c main_blinky.o
 .eh_frame      0x00424cc0      0x1ac main_full.o
 .eh_frame      0x00424e6c       0x58 c:/mingw/bin/../lib/gcc/mingw32/6.3.0/../../../libmingw32.a(setargv.o)
 .eh_frame      0x00424ec4       0x40 c:/mingw/bin/../lib/gcc/mingw32/6.3.0/../../../libmingw32.a(cpu_features.o)
 .eh_frame      0x00424f04       0x68 c:/mingw/bin/../lib/gcc/mingw32/6.3.0/../../../libmingw32.a(gccmain.o)
 .eh_frame      0x00424f6c       0x88 c:/mingw/bin/../lib/gcc/mingw32/6.3.0/../../../libmingw32.a(tlssup.o)
 .eh_frame      0x00424ff4      0x108 c:/mingw/bin/../lib/gcc/mingw32/6.3.0/../../../libmingw32.a(tlsthrd.o)
 .eh_frame      0x004250fc       0xd8 c:/mingw/bin/../lib/gcc/mingw32/6.3.0/../../../libmingw32.a(pseudo-reloc.o)
 .eh_frame      0x004251d4       0x58 c:/mingw/bin/../lib/gcc/mingw32/6.3.0/libgcc.a(_divdi3.o)
 .eh_frame      0x0042522c       0x34 c:/mingw/bin/../lib/gcc/mingw32/6.3.0/../../../libmingwex.a(fesetenv.o)
 .eh_frame      0x00425260      0x25c c:/mingw/bin/../lib/gcc/mingw32/6.3.0/../../../libmingwex.a(glob.o)
 .eh_frame      0x004254bc       0x58 c:/mingw/bin/../lib/gcc/mingw32/6.3.0/../../../libmingwex.a(dirname.o)
 .eh_frame      0x00425514      0x1c4 c:/mingw/bin/../lib/gcc/mingw32/6.3.0/../../../libmingwex.a(dirent.o)
 .eh_frame      0x004256d8       0x3c c:/mingw/bin/../lib/gcc/mingw32/6.3.0/crtend.o

.pdata
 *(.pdata*)

.bss            0x00426000    0x1fcb0
                0x00426000                __bss_start__ = .
 *(.bss)
 .bss           0x00426000        0x8 c:/mingw/bin/../lib/gcc/mingw32/6.3.0/../../../crt2.o
                0x00426000                _argv
                0x00426004                _argc
 .bss           0x00426008       0x18 c:/mingw/bin/../lib/gcc/mingw32/6.3.0/crtbegin.o
 .bss           0x00426020       0x34 DemosModifiedForLowTickRate\recmutex.o
 .bss           0x00426054        0x4 FreeRTOS+Trace Recorder\trcKernelPort.o
                0x00426054                uiInEventGroupSetBitsFromISR
 *fill*         0x00426058        0x8 
 .bss           0x00426060      0x4a0 FreeRTOS+Trace Recorder\trcSnapshotRecorder.o
                0x00426060                isPendingContextSwitch
                0x00426064                uiTraceTickCount
                0x00426068                trace_disable_timestamp
                0x0042606c                recorder_busy
                0x00426070                timestampFrequency
                0x00426074                traceErrorMessage
                0x00426078                nISRactive
                0x00426079                handle_of_last_logged_task
                0x0042607a                inExcludedTask
                0x0042607c                vTraceStopHookPtr
                0x00426080                trcExcludedObjects
                0x00426100                trcExcludedEventCodes
                0x00426140                objectHandleStacks
                0x004264cc                RecorderDataPtr
 .bss           0x00426500        0x0 FreeRTOS+Trace Recorder\trcStreamingRecorder.o
 .bss           0x00426500       0xa0 FreeRTOS_Source\croutine.o
                0x00426500                pxCurrentCoRoutine
 .bss           0x004265a0        0x0 FreeRTOS_Source\event_groups.o
 .bss           0x004265a0        0x0 FreeRTOS_Source\list.o
 .bss           0x004265a0       0xc0 FreeRTOS_Source\portable\MSVC-MingW\port.o
 .bss           0x00426660       0x18 FreeRTOS_Source\portable\MemMang\heap_5.o
 .bss           0x00426678        0x0 FreeRTOS_Source\queue.o
 .bss           0x00426678        0x0 FreeRTOS_Source\stream_buffer.o
 *fill*         0x00426678        0x8 
 .bss           0x00426680      0x160 FreeRTOS_Source\tasks.o
                0x00426680                pxCurrentTCB
 .bss           0x004267e0       0x3c FreeRTOS_Source\timers.o
 *fill*         0x0042681c        0x4 
 .bss           0x00426820       0x10 Run-time-stats-utils.o
 .bss           0x00426830       0x14 Standard_Demo_Tasks\AbortDelay.o
 .bss           0x00426844       0x20 Standard_Demo_Tasks\BlockQ.o
 .bss           0x00426864       0x30 Standard_Demo_Tasks\EventGroupsDemo.o
 .bss           0x00426894       0x2c Standard_Demo_Tasks\GenQTest.o
 .bss           0x004268c0       0x30 Standard_Demo_Tasks\IntSemTest.o
 .bss           0x004268f0       0x18 Standard_Demo_Tasks\MessageBufferDemo.o
 .bss           0x00426908        0xc Standard_Demo_Tasks\PollQ.o
 .bss           0x00426914        0xc Standard_Demo_Tasks\QPeek.o
 .bss           0x00426920        0xc Standard_Demo_Tasks\QueueOverwrite.o
 .bss           0x0042692c       0x50 Standard_Demo_Tasks\QueueSet.o
 .bss           0x0042697c       0x18 Standard_Demo_Tasks\QueueSetPolling.o
 .bss           0x00426994       0x28 Standard_Demo_Tasks\StreamBufferDemo.o
 .bss           0x004269bc       0x28 Standard_Demo_Tasks\TaskNotify.o
 *fill*         0x004269e4       0x1c 
 .bss           0x00426a00       0xc0 Standard_Demo_Tasks\TimerDemo.o
 .bss           0x00426ac0       0x20 Standard_Demo_Tasks\blocktim.o
 .bss           0x00426ae0       0x24 Standard_Demo_Tasks\countsem.o
 .bss           0x00426b04        0xc Standard_Demo_Tasks\death.o
 .bss           0x00426b10       0x28 Standard_Demo_Tasks\dynamic.o
 .bss           0x00426b38        0x8 Standard_Demo_Tasks\flop.o
 .bss           0x00426b40        0x4 Standard_Demo_Tasks\integer.o
 .bss           0x00426b44       0x14 Standard_Demo_Tasks\semtest.o
 *fill*         0x00426b58        0x8 
 .bss           0x00426b60     0xb600 main.o
 .bss           0x00432160        0x4 main_blinky.o
 .bss           0x00432164       0x14 main_full.o
 .bss           0x00432178        0x0 c:/mingw/bin/../lib/gcc/mingw32/6.3.0/../../../libwinmm.a(drqcs00146.o)
 .bss           0x00432178        0x0 c:/mingw/bin/../lib/gcc/mingw32/6.3.0/../../../libwinmm.a(drqcs00145.o)
 .bss           0x00432178        0x0 c:/mingw/bin/../lib/gcc/mingw32/6.3.0/../../../libwinmm.a(drqcs00144.o)
 .bss           0x00432178        0x0 c:/mingw/bin/../lib/gcc/mingw32/6.3.0/../../../libwinmm.a(drqch.o)
 .bss           0x00432178        0x0 c:/mingw/bin/../lib/gcc/mingw32/6.3.0/../../../libwinmm.a(drqct.o)
 .bss           0x00432178        0x0 c:/mingw/bin/../lib/gcc/mingw32/6.3.0/../../../libmingw32.a(CRTglob.o)
 .bss           0x00432178        0x0 c:/mingw/bin/../lib/gcc/mingw32/6.3.0/../../../libmingw32.a(setargv.o)
 .bss           0x00432178        0x4 c:/mingw/bin/../lib/gcc/mingw32/6.3.0/../../../libmingw32.a(CRTfmode.o)
                0x00432178                _CRT_fmode
 .bss           0x0043217c        0x4 c:/mingw/bin/../lib/gcc/mingw32/6.3.0/../../../libmingw32.a(cpu_features.o)
                0x0043217c                __cpu_features
 .bss           0x00432180        0x0 c:/mingw/bin/../lib/gcc/mingw32/6.3.0/../../../libmingw32.a(CRT_fp10.o)
 .bss           0x00432180        0x0 c:/mingw/bin/../lib/gcc/mingw32/6.3.0/../../../libmingw32.a(txtmode.o)
 .bss           0x00432180        0x4 c:/mingw/bin/../lib/gcc/mingw32/6.3.0/../../../libmingw32.a(gccmain.o)
 .bss           0x00432184       0x10 c:/mingw/bin/../lib/gcc/mingw32/6.3.0/../../../libmingw32.a(tlssup.o)
                0x00432184                mingw_initltssuo_force
                0x00432188                mingw_initltsdyn_force
                0x0043218c                mingw_initltsdrot_force
                0x00432190                _tls_index
 .bss           0x00432194       0x20 c:/mingw/bin/../lib/gcc/mingw32/6.3.0/../../../libmingw32.a(tlsthrd.o)
 .bss           0x004321b4        0x4 c:/mingw/bin/../lib/gcc/mingw32/6.3.0/../../../libmingw32.a(pseudo-reloc.o)
 .bss           0x004321b8        0x4 c:/mingw/bin/../lib/gcc/mingw32/6.3.0/../../../libmingw32.a(pseudo-reloc-list.o)
 .bss           0x004321bc        0x4 c:/mingw/bin/../lib/gcc/mingw32/6.3.0/../../../libmingw32.a(crtst.o)
                0x004321bc                _CRT_MT
 .bss           0x004321c0        0x0 c:/mingw/bin/../lib/gcc/mingw32/6.3.0/libgcc.a(_chkstk_ms.o)
 .bss           0x004321c0        0x0 c:/mingw/bin/../lib/gcc/mingw32/6.3.0/libgcc.a(_ctors.o)
 .bss           0x004321c0        0x0 c:/mingw/bin/../lib/gcc/mingw32/6.3.0/libgcc.a(_divdi3.o)
 .bss           0x004321c0        0x0 c:/mingw/bin/../lib/gcc/mingw32/6.3.0/../../../libmingwex.a(fesetenv.o)
 .bss           0x004321c0        0x0 c:/mingw/bin/../lib/gcc/mingw32/6.3.0/../../../libmingwex.a(glob.o)
 .bss           0x004321c0        0x4 c:/mingw/bin/../lib/gcc/mingw32/6.3.0/../../../libmingwex.a(dirname.o)
 .bss           0x004321c4        0x0 c:/mingw/bin/../lib/gcc/mingw32/6.3.0/../../../libmingwex.a(dirent.o)
 .bss           0x004321c4        0x0 c:/mingw/bin/../lib/gcc/mingw32/6.3.0/../../../libmsvcrt.a(djpvbs01325.o)
 .bss           0x004321c4        0x0 c:/mingw/bin/../lib/gcc/mingw32/6.3.0/../../../libmsvcrt.a(djpvbs01284.o)
 .bss           0x004321c4        0x0 c:/mingw/bin/../lib/gcc/mingw32/6.3.0/../../../libmsvcrt.a(djpvbs01277.o)
 .bss           0x004321c4        0x0 c:/mingw/bin/../lib/gcc/mingw32/6.3.0/../../../libmsvcrt.a(djpvbs01252.o)
 .bss           0x004321c4        0x0 c:/mingw/bin/../lib/gcc/mingw32/6.3.0/../../../libmsvcrt.a(djpvbs01249.o)
 .bss           0x004321c4        0x0 c:/mingw/bin/../lib/gcc/mingw32/6.3.0/../../../libmsvcrt.a(djpvbs01243.o)
 .bss           0x004321c4        0x0 c:/mingw/bin/../lib/gcc/mingw32/6.3.0/../../../libmsvcrt.a(djpvbs01242.o)
 .bss           0x004321c4        0x0 c:/mingw/bin/../lib/gcc/mingw32/6.3.0/../../../libmsvcrt.a(djpvbs01241.o)
 .bss           0x004321c4        0x0 c:/mingw/bin/../lib/gcc/mingw32/6.3.0/../../../libmsvcrt.a(djpvbs01232.o)
 .bss           0x004321c4        0x0 c:/mingw/bin/../lib/gcc/mingw32/6.3.0/../../../libmsvcrt.a(djpvbs01229.o)
 .bss           0x004321c4        0x0 c:/mingw/bin/../lib/gcc/mingw32/6.3.0/../../../libmsvcrt.a(djpvbs01227.o)
 .bss           0x004321c4        0x0 c:/mingw/bin/../lib/gcc/mingw32/6.3.0/../../../libmsvcrt.a(djpvbs01220.o)
 .bss           0x004321c4        0x0 c:/mingw/bin/../lib/gcc/mingw32/6.3.0/../../../libmsvcrt.a(djpvbs01218.o)
 .bss           0x004321c4        0x0 c:/mingw/bin/../lib/gcc/mingw32/6.3.0/../../../libmsvcrt.a(djpvbs01212.o)
 .bss           0x004321c4        0x0 c:/mingw/bin/../lib/gcc/mingw32/6.3.0/../../../libmsvcrt.a(djpvbs01208.o)
 .bss           0x004321c4        0x0 c:/mingw/bin/../lib/gcc/mingw32/6.3.0/../../../libmsvcrt.a(djpvbs01203.o)
 .bss           0x004321c4        0x0 c:/mingw/bin/../lib/gcc/mingw32/6.3.0/../../../libmsvcrt.a(djpvbs01199.o)
 .bss           0x004321c4        0x0 c:/mingw/bin/../lib/gcc/mingw32/6.3.0/../../../libmsvcrt.a(djpvbs01198.o)
 .bss           0x004321c4        0x0 c:/mingw/bin/../lib/gcc/mingw32/6.3.0/../../../libmsvcrt.a(djpvbs01194.o)
 .bss           0x004321c4        0x0 c:/mingw/bin/../lib/gcc/mingw32/6.3.0/../../../libmsvcrt.a(djpvbs01187.o)
 .bss           0x004321c4        0x0 c:/mingw/bin/../lib/gcc/mingw32/6.3.0/../../../libmsvcrt.a(djpvbs01142.o)
 .bss           0x004321c4        0x0 c:/mingw/bin/../lib/gcc/mingw32/6.3.0/../../../libmsvcrt.a(djpvbs01131.o)
 .bss           0x004321c4        0x0 c:/mingw/bin/../lib/gcc/mingw32/6.3.0/../../../libmsvcrt.a(djpvbs01123.o)
 .bss           0x004321c4        0x0 c:/mingw/bin/../lib/gcc/mingw32/6.3.0/../../../libmsvcrt.a(djpvbs01114.o)
 .bss           0x004321c4        0x0 c:/mingw/bin/../lib/gcc/mingw32/6.3.0/../../../libmsvcrt.a(djpvbs01111.o)
 .bss           0x004321c4        0x0 c:/mingw/bin/../lib/gcc/mingw32/6.3.0/../../../libmsvcrt.a(djpvbs01098.o)
 .bss           0x004321c4        0x0 c:/mingw/bin/../lib/gcc/mingw32/6.3.0/../../../libmsvcrt.a(djpvbs01091.o)
 .bss           0x004321c4        0x0 c:/mingw/bin/../lib/gcc/mingw32/6.3.0/../../../libmsvcrt.a(djpvbs01083.o)
 .bss           0x004321c4        0x0 c:/mingw/bin/../lib/gcc/mingw32/6.3.0/../../../libmsvcrt.a(djpvbs00753.o)
 .bss           0x004321c4        0x0 c:/mingw/bin/../lib/gcc/mingw32/6.3.0/../../../libmsvcrt.a(djpvbs00698.o)
 .bss           0x004321c4        0x0 c:/mingw/bin/../lib/gcc/mingw32/6.3.0/../../../libmsvcrt.a(djpvbs00689.o)
 .bss           0x004321c4        0x0 c:/mingw/bin/../lib/gcc/mingw32/6.3.0/../../../libmsvcrt.a(djpvbs00422.o)
 .bss           0x004321c4        0x0 c:/mingw/bin/../lib/gcc/mingw32/6.3.0/../../../libmsvcrt.a(djpvbs00417.o)
 .bss           0x004321c4        0x0 c:/mingw/bin/../lib/gcc/mingw32/6.3.0/../../../libmsvcrt.a(djpvbs00350.o)
 .bss           0x004321c4        0x0 c:/mingw/bin/../lib/gcc/mingw32/6.3.0/../../../libmsvcrt.a(djpvbs00324.o)
 .bss           0x004321c4        0x0 c:/mingw/bin/../lib/gcc/mingw32/6.3.0/../../../libmsvcrt.a(djpvbs00285.o)
 .bss           0x004321c4        0x0 c:/mingw/bin/../lib/gcc/mingw32/6.3.0/../../../libmsvcrt.a(djpvbs00219.o)
 .bss           0x004321c4        0x0 c:/mingw/bin/../lib/gcc/mingw32/6.3.0/../../../libmsvcrt.a(djpvbs00153.o)
 .bss           0x004321c4        0x0 c:/mingw/bin/../lib/gcc/mingw32/6.3.0/../../../libmsvcrt.a(djpvbs00133.o)
 .bss           0x004321c4        0x0 c:/mingw/bin/../lib/gcc/mingw32/6.3.0/../../../libmsvcrt.a(djpvbs00131.o)
 .bss           0x004321c4        0x0 c:/mingw/bin/../lib/gcc/mingw32/6.3.0/../../../libmsvcrt.a(djpvbs00119.o)
 .bss           0x004321c4        0x0 c:/mingw/bin/../lib/gcc/mingw32/6.3.0/../../../libmsvcrt.a(djpvbs00088.o)
 .bss           0x004321c4        0x0 c:/mingw/bin/../lib/gcc/mingw32/6.3.0/../../../libmsvcrt.a(djpvbh.o)
 .bss           0x004321c4        0x0 c:/mingw/bin/../lib/gcc/mingw32/6.3.0/../../../libmsvcrt.a(djpvbt.o)
 .bss           0x004321c4        0x0 c:/mingw/bin/../lib/gcc/mingw32/6.3.0/../../../libkernel32.a(dujcs01223.o)
 .bss           0x004321c4        0x0 c:/mingw/bin/../lib/gcc/mingw32/6.3.0/../../../libkernel32.a(dujcs01221.o)
 .bss           0x004321c4        0x0 c:/mingw/bin/../lib/gcc/mingw32/6.3.0/../../../libkernel32.a(dujcs01215.o)
 .bss           0x004321c4        0x0 c:/mingw/bin/../lib/gcc/mingw32/6.3.0/../../../libkernel32.a(dujcs01213.o)
 .bss           0x004321c4        0x0 c:/mingw/bin/../lib/gcc/mingw32/6.3.0/../../../libkernel32.a(dujcs01173.o)
 .bss           0x004321c4        0x0 c:/mingw/bin/../lib/gcc/mingw32/6.3.0/../../../libkernel32.a(dujcs01167.o)
 .bss           0x004321c4        0x0 c:/mingw/bin/../lib/gcc/mingw32/6.3.0/../../../libkernel32.a(dujcs01166.o)
 .bss           0x004321c4        0x0 c:/mingw/bin/../lib/gcc/mingw32/6.3.0/../../../libkernel32.a(dujcs01160.o)
 .bss           0x004321c4        0x0 c:/mingw/bin/../lib/gcc/mingw32/6.3.0/../../../libkernel32.a(dujcs01152.o)
 .bss           0x004321c4        0x0 c:/mingw/bin/../lib/gcc/mingw32/6.3.0/../../../libkernel32.a(dujcs01140.o)
 .bss           0x004321c4        0x0 c:/mingw/bin/../lib/gcc/mingw32/6.3.0/../../../libkernel32.a(dujcs01130.o)
 .bss           0x004321c4        0x0 c:/mingw/bin/../lib/gcc/mingw32/6.3.0/../../../libkernel32.a(dujcs01129.o)
 .bss           0x004321c4        0x0 c:/mingw/bin/../lib/gcc/mingw32/6.3.0/../../../libkernel32.a(dujcs01120.o)
 .bss           0x004321c4        0x0 c:/mingw/bin/../lib/gcc/mingw32/6.3.0/../../../libkernel32.a(dujcs01101.o)
 .bss           0x004321c4        0x0 c:/mingw/bin/../lib/gcc/mingw32/6.3.0/../../../libkernel32.a(dujcs01065.o)
 .bss           0x004321c4        0x0 c:/mingw/bin/../lib/gcc/mingw32/6.3.0/../../../libkernel32.a(dujcs01021.o)
 .bss           0x004321c4        0x0 c:/mingw/bin/../lib/gcc/mingw32/6.3.0/../../../libkernel32.a(dujcs00999.o)
 .bss           0x004321c4        0x0 c:/mingw/bin/../lib/gcc/mingw32/6.3.0/../../../libkernel32.a(dujcs00974.o)
 .bss           0x004321c4        0x0 c:/mingw/bin/../lib/gcc/mingw32/6.3.0/../../../libkernel32.a(dujcs00923.o)
 .bss           0x004321c4        0x0 c:/mingw/bin/../lib/gcc/mingw32/6.3.0/../../../libkernel32.a(dujcs00922.o)
 .bss           0x004321c4        0x0 c:/mingw/bin/../lib/gcc/mingw32/6.3.0/../../../libkernel32.a(dujcs00817.o)
 .bss           0x004321c4        0x0 c:/mingw/bin/../lib/gcc/mingw32/6.3.0/../../../libkernel32.a(dujcs00814.o)
 .bss           0x004321c4        0x0 c:/mingw/bin/../lib/gcc/mingw32/6.3.0/../../../libkernel32.a(dujcs00734.o)
 .bss           0x004321c4        0x0 c:/mingw/bin/../lib/gcc/mingw32/6.3.0/../../../libkernel32.a(dujcs00642.o)
 .bss           0x004321c4        0x0 c:/mingw/bin/../lib/gcc/mingw32/6.3.0/../../../libkernel32.a(dujcs00623.o)
 .bss           0x004321c4        0x0 c:/mingw/bin/../lib/gcc/mingw32/6.3.0/../../../libkernel32.a(dujcs00577.o)
 .bss           0x004321c4        0x0 c:/mingw/bin/../lib/gcc/mingw32/6.3.0/../../../libkernel32.a(dujcs00529.o)
 .bss           0x004321c4        0x0 c:/mingw/bin/../lib/gcc/mingw32/6.3.0/../../../libkernel32.a(dujcs00510.o)
 .bss           0x004321c4        0x0 c:/mingw/bin/../lib/gcc/mingw32/6.3.0/../../../libkernel32.a(dujcs00450.o)
 .bss           0x004321c4        0x0 c:/mingw/bin/../lib/gcc/mingw32/6.3.0/../../../libkernel32.a(dujcs00446.o)
 .bss           0x004321c4        0x0 c:/mingw/bin/../lib/gcc/mingw32/6.3.0/../../../libkernel32.a(dujcs00388.o)
 .bss           0x004321c4        0x0 c:/mingw/bin/../lib/gcc/mingw32/6.3.0/../../../libkernel32.a(dujcs00352.o)
 .bss           0x004321c4        0x0 c:/mingw/bin/../lib/gcc/mingw32/6.3.0/../../../libkernel32.a(dujcs00321.o)
 .bss           0x004321c4        0x0 c:/mingw/bin/../lib/gcc/mingw32/6.3.0/../../../libkernel32.a(dujcs00304.o)
 .bss           0x004321c4        0x0 c:/mingw/bin/../lib/gcc/mingw32/6.3.0/../../../libkernel32.a(dujcs00300.o)
 .bss           0x004321c4        0x0 c:/mingw/bin/../lib/gcc/mingw32/6.3.0/../../../libkernel32.a(dujcs00280.o)
 .bss           0x004321c4        0x0 c:/mingw/bin/../lib/gcc/mingw32/6.3.0/../../../libkernel32.a(dujcs00279.o)
 .bss           0x004321c4        0x0 c:/mingw/bin/../lib/gcc/mingw32/6.3.0/../../../libkernel32.a(dujcs00236.o)
 .bss           0x004321c4        0x0 c:/mingw/bin/../lib/gcc/mingw32/6.3.0/../../../libkernel32.a(dujcs00207.o)
 .bss           0x004321c4        0x0 c:/mingw/bin/../lib/gcc/mingw32/6.3.0/../../../libkernel32.a(dujcs00179.o)
 .bss           0x004321c4        0x0 c:/mingw/bin/../lib/gcc/mingw32/6.3.0/../../../libkernel32.a(dujcs00154.o)
 .bss           0x004321c4        0x0 c:/mingw/bin/../lib/gcc/mingw32/6.3.0/../../../libkernel32.a(dujcs00129.o)
 .bss           0x004321c4        0x0 c:/mingw/bin/../lib/gcc/mingw32/6.3.0/../../../libkernel32.a(dujcs00082.o)
 .bss           0x004321c4        0x0 c:/mingw/bin/../lib/gcc/mingw32/6.3.0/../../../libkernel32.a(dujch.o)
 .bss           0x004321c4        0x0 c:/mingw/bin/../lib/gcc/mingw32/6.3.0/../../../libkernel32.a(dujct.o)
 .bss           0x004321c4        0x0 c:/mingw/bin/../lib/gcc/mingw32/6.3.0/../../../libmoldname.a(dagwbs00082.o)
 .bss           0x004321c4        0x0 c:/mingw/bin/../lib/gcc/mingw32/6.3.0/../../../libmoldname.a(dagwbs00080.o)
 .bss           0x004321c4        0x0 c:/mingw/bin/../lib/gcc/mingw32/6.3.0/../../../libmoldname.a(dagwbh.o)
 .bss           0x004321c4        0x0 c:/mingw/bin/../lib/gcc/mingw32/6.3.0/../../../libmoldname.a(dagwbt.o)
 .bss           0x004321c4        0x0 c:/mingw/bin/../lib/gcc/mingw32/6.3.0/crtend.o
 *(COMMON)
 COMMON         0x004321c4        0x4 c:/mingw/bin/../lib/gcc/mingw32/6.3.0/crtbegin.o
                0x004321c4                hmod_libgcc
 *fill*         0x004321c8       0x18 
 COMMON         0x004321e0    0x137dc FreeRTOS+Trace Recorder\trcSnapshotRecorder.o
                0x004321e0                init_hwtc_count
                0x00432200                RecorderData
 *fill*         0x004459bc        0x4 
 COMMON         0x004459c0       0xa0 FreeRTOS_Source\queue.o
                0x004459c0                xQueueRegistry
 COMMON         0x00445a60        0xc Standard_Demo_Tasks\QPeek.o
                0x00445a60                xMediumPriorityTask
                0x00445a64                xHighestPriorityTask
                0x00445a68                xHighPriorityTask
 COMMON         0x00445a6c        0x8 Standard_Demo_Tasks\QueueSet.o
                0x00445a6c                xQueueSetReceivingTask
                0x00445a70                xQueueSetSendingTask
 COMMON         0x00445a74        0x4 Standard_Demo_Tasks\death.o
                0x00445a74                xCreatedTask
 COMMON         0x00445a78        0x4 Standard_Demo_Tasks\dynamic.o
                0x00445a78                xSuspendedTestQueue
 *fill*         0x00445a7c        0x4 
 COMMON         0x00445a80      0x230 main.o
                0x00445a80                uxTimerTaskStack
 COMMON         0x00445cb0        0x0 c:/mingw/bin/../lib/gcc/mingw32/6.3.0/libgcc.a(_ctors.o)
                0x00445cb0                __bss_end__ = .

.edata
 *(.edata)

/DISCARD/
 *(.debug$S)
 *(.debug$T)
 *(.debug$F)
 *(.drectve)
 *(.note.GNU-stack)
 *(.gnu.lto_*)

.idata          0x00446000      0xc00
 SORT(*)(.idata$2)
 .idata$2       0x00446000       0x14 c:/mingw/bin/../lib/gcc/mingw32/6.3.0/../../../libkernel32.a(dujch.o)
                0x00446000                _head_libkernel32_a
 .idata$2       0x00446014       0x14 c:/mingw/bin/../lib/gcc/mingw32/6.3.0/../../../libmoldname.a(dagwbh.o)
                0x00446014                _head_libmoldname_a
 .idata$2       0x00446028       0x14 c:/mingw/bin/../lib/gcc/mingw32/6.3.0/../../../libmsvcrt.a(djpvbh.o)
                0x00446028                _head_libmsvcrt_a